Archive member included to satisfy reference by file (symbol)

/opt/gcc-arm-none-eabi-10-2020-q4-major/bin/../lib/gcc/arm-none-eabi/10.2.1/thumb/v6-m/nofp/libgcc.a(_dvmd_tls.o)
                              CMakeFiles/tft_pwm.dir/home/hunter_h/pico/pico-sdk/src/rp2_common/pico_divider/divider.S.obj (__aeabi_idiv0)
/opt/gcc-arm-none-eabi-10-2020-q4-major/bin/../lib/gcc/arm-none-eabi/10.2.1/../../../../arm-none-eabi/lib/thumb/v6-m/nofp/libc.a(lib_a-calloc.o)
                              CMakeFiles/tft_pwm.dir/home/hunter_h/pico/pico-sdk/src/rp2_common/pico_malloc/pico_malloc.c.obj (calloc)
/opt/gcc-arm-none-eabi-10-2020-q4-major/bin/../lib/gcc/arm-none-eabi/10.2.1/../../../../arm-none-eabi/lib/thumb/v6-m/nofp/libc.a(lib_a-callocr.o)
                              /opt/gcc-arm-none-eabi-10-2020-q4-major/bin/../lib/gcc/arm-none-eabi/10.2.1/../../../../arm-none-eabi/lib/thumb/v6-m/nofp/libc.a(lib_a-calloc.o) (_calloc_r)
/opt/gcc-arm-none-eabi-10-2020-q4-major/bin/../lib/gcc/arm-none-eabi/10.2.1/../../../../arm-none-eabi/lib/thumb/v6-m/nofp/libc.a(lib_a-impure.o)
                              /opt/gcc-arm-none-eabi-10-2020-q4-major/bin/../lib/gcc/arm-none-eabi/10.2.1/../../../../arm-none-eabi/lib/thumb/v6-m/nofp/libc.a(lib_a-calloc.o) (_impure_ptr)
/opt/gcc-arm-none-eabi-10-2020-q4-major/bin/../lib/gcc/arm-none-eabi/10.2.1/../../../../arm-none-eabi/lib/thumb/v6-m/nofp/libc.a(lib_a-init.o)
                              /opt/gcc-arm-none-eabi-10-2020-q4-major/bin/../lib/gcc/arm-none-eabi/10.2.1/../../../../arm-none-eabi/lib/thumb/v6-m/nofp/crt0.o (__libc_init_array)
/opt/gcc-arm-none-eabi-10-2020-q4-major/bin/../lib/gcc/arm-none-eabi/10.2.1/../../../../arm-none-eabi/lib/thumb/v6-m/nofp/libc.a(lib_a-malloc.o)
                              CMakeFiles/tft_pwm.dir/home/hunter_h/pico/pico-sdk/src/rp2_common/pico_malloc/pico_malloc.c.obj (malloc)
/opt/gcc-arm-none-eabi-10-2020-q4-major/bin/../lib/gcc/arm-none-eabi/10.2.1/../../../../arm-none-eabi/lib/thumb/v6-m/nofp/libc.a(lib_a-mallocr.o)
                              /opt/gcc-arm-none-eabi-10-2020-q4-major/bin/../lib/gcc/arm-none-eabi/10.2.1/../../../../arm-none-eabi/lib/thumb/v6-m/nofp/libc.a(lib_a-callocr.o) (_malloc_r)
/opt/gcc-arm-none-eabi-10-2020-q4-major/bin/../lib/gcc/arm-none-eabi/10.2.1/../../../../arm-none-eabi/lib/thumb/v6-m/nofp/libc.a(lib_a-mlock.o)
                              /opt/gcc-arm-none-eabi-10-2020-q4-major/bin/../lib/gcc/arm-none-eabi/10.2.1/../../../../arm-none-eabi/lib/thumb/v6-m/nofp/libc.a(lib_a-mallocr.o) (__malloc_lock)
/opt/gcc-arm-none-eabi-10-2020-q4-major/bin/../lib/gcc/arm-none-eabi/10.2.1/../../../../arm-none-eabi/lib/thumb/v6-m/nofp/libc.a(lib_a-realloc.o)
                              CMakeFiles/tft_pwm.dir/home/hunter_h/pico/pico-sdk/src/rp2_common/pico_malloc/pico_malloc.c.obj (realloc)
/opt/gcc-arm-none-eabi-10-2020-q4-major/bin/../lib/gcc/arm-none-eabi/10.2.1/../../../../arm-none-eabi/lib/thumb/v6-m/nofp/libc.a(lib_a-reallocr.o)
                              /opt/gcc-arm-none-eabi-10-2020-q4-major/bin/../lib/gcc/arm-none-eabi/10.2.1/../../../../arm-none-eabi/lib/thumb/v6-m/nofp/libc.a(lib_a-realloc.o) (_realloc_r)
/opt/gcc-arm-none-eabi-10-2020-q4-major/bin/../lib/gcc/arm-none-eabi/10.2.1/../../../../arm-none-eabi/lib/thumb/v6-m/nofp/libc.a(lib_a-sbrkr.o)
                              /opt/gcc-arm-none-eabi-10-2020-q4-major/bin/../lib/gcc/arm-none-eabi/10.2.1/../../../../arm-none-eabi/lib/thumb/v6-m/nofp/libc.a(lib_a-mallocr.o) (_sbrk_r)
/opt/gcc-arm-none-eabi-10-2020-q4-major/bin/../lib/gcc/arm-none-eabi/10.2.1/../../../../arm-none-eabi/lib/thumb/v6-m/nofp/libc.a(lib_a-strlen-stub.o)
                              CMakeFiles/tft_pwm.dir/home/hunter_h/pico/pico-sdk/src/rp2_common/pico_stdio/stdio.c.obj (strlen)
/opt/gcc-arm-none-eabi-10-2020-q4-major/bin/../lib/gcc/arm-none-eabi/10.2.1/../../../../arm-none-eabi/lib/thumb/v6-m/nofp/libc.a(lib_a-freer.o)
                              /opt/gcc-arm-none-eabi-10-2020-q4-major/bin/../lib/gcc/arm-none-eabi/10.2.1/../../../../arm-none-eabi/lib/thumb/v6-m/nofp/libc.a(lib_a-malloc.o) (_free_r)
/opt/gcc-arm-none-eabi-10-2020-q4-major/bin/../lib/gcc/arm-none-eabi/10.2.1/../../../../arm-none-eabi/lib/thumb/v6-m/nofp/libc.a(lib_a-lock.o)
                              /opt/gcc-arm-none-eabi-10-2020-q4-major/bin/../lib/gcc/arm-none-eabi/10.2.1/../../../../arm-none-eabi/lib/thumb/v6-m/nofp/libc.a(lib_a-mlock.o) (__retarget_lock_acquire_recursive)
/opt/gcc-arm-none-eabi-10-2020-q4-major/bin/../lib/gcc/arm-none-eabi/10.2.1/../../../../arm-none-eabi/lib/thumb/v6-m/nofp/libc.a(lib_a-memmove.o)
                              /opt/gcc-arm-none-eabi-10-2020-q4-major/bin/../lib/gcc/arm-none-eabi/10.2.1/../../../../arm-none-eabi/lib/thumb/v6-m/nofp/libc.a(lib_a-reallocr.o) (memmove)
/opt/gcc-arm-none-eabi-10-2020-q4-major/bin/../lib/gcc/arm-none-eabi/10.2.1/../../../../arm-none-eabi/lib/thumb/v6-m/nofp/libc.a(lib_a-reent.o)
[...]
Memory Configuration

Name             Origin             Length             Attributes
FLASH            0x0000000010000000 0x0000000000200000 xr
RAM              0x0000000020000000 0x0000000000040000 xrw
SCRATCH_X        0x0000000020040000 0x0000000000001000 xrw
SCRATCH_Y        0x0000000020041000 0x0000000000001000 xrw
*default*        0x0000000000000000 0xffffffffffffffff

Linker script and memory map

LOAD /opt/gcc-arm-none-eabi-10-2020-q4-major/bin/../lib/gcc/arm-none-eabi/10.2.1/thumb/v6-m/nofp/crti.o
LOAD /opt/gcc-arm-none-eabi-10-2020-q4-major/bin/../lib/gcc/arm-none-eabi/10.2.1/thumb/v6-m/nofp/crtbegin.o
LOAD /opt/gcc-arm-none-eabi-10-2020-q4-major/bin/../lib/gcc/arm-none-eabi/10.2.1/../../../../arm-none-eabi/lib/thumb/v6-m/nofp/crt0.o

.flash_begin    0x0000000010000000        0x0
                0x0000000010000000                __flash_binary_start = .

.boot2          0x0000000010000000      0x100
                0x0000000010000000                __boot2_start__ = .
 *(.boot2)
 .boot2         0x0000000010000000      0x100 /tmp/cc2nYW7E.o
                0x0000000010000100                __boot2_end__ = .
                0x0000000000000001                ASSERT (((__boot2_end__ - __boot2_start__) == 0x100), ERROR: Pico second stage bootloader must be 256 bytes in size)

.text           0x0000000010000100     0x8090
                0x0000000010000100                __logical_binary_start = .
 *(.vectors)
 .vectors       0x0000000010000100       0xd4 CMakeFiles/tft_pwm.dir/home/hunter_h/pico/pico-sdk/src/rp2_common/pico_standard_link/crt0.S.obj
                0x0000000010000100                __vectors
                0x0000000010000100                __VECTOR_TABLE
                0x00000000100001c0                isr_invalid
                0x00000000100001c0                __default_isrs_start
                0x00000000100001c2                isr_nmi
                0x00000000100001c4                isr_hardfault
                0x00000000100001c6                isr_svcall
                0x00000000100001c8                isr_pendsv
                0x00000000100001ca                isr_systick
                0x00000000100001cc                isr_irq30
                0x00000000100001cc                __unhandled_user_irq
                0x00000000100001cc                isr_irq13
                0x00000000100001cc                isr_irq27
                0x00000000100001cc                isr_irq31
                0x00000000100001cc                isr_irq5
                0x00000000100001cc                isr_irq11
                0x00000000100001cc                isr_irq23
                0x00000000100001cc                isr_irq18
                0x00000000100001cc                isr_irq28
                0x00000000100001cc                isr_irq19
                0x00000000100001cc                isr_irq0
                0x00000000100001cc                isr_irq6
                0x00000000100001cc                isr_irq22
                0x00000000100001cc                isr_irq17
                0x00000000100001cc                isr_irq14
                0x00000000100001cc                isr_irq2
                0x00000000100001cc                isr_irq10
                0x00000000100001cc                isr_irq8
                0x00000000100001cc                isr_irq24
                0x00000000100001cc                isr_irq1
                0x00000000100001cc                isr_irq7
                0x00000000100001cc                isr_irq21
                0x00000000100001cc                isr_irq20
                0x00000000100001cc                isr_irq15
                0x00000000100001cc                isr_irq25
                0x00000000100001cc                isr_irq4
                0x00000000100001cc                isr_irq16
                0x00000000100001cc                isr_irq29
                0x00000000100001cc                isr_irq26
                0x00000000100001cc                __default_isrs_end
                0x00000000100001cc                isr_irq3
                0x00000000100001cc                isr_irq12
                0x00000000100001cc                isr_irq9
                0x00000000100001d2                unhandled_user_irq_num_in_r0
 *(.binary_info_header)
 .binary_info_header
                0x00000000100001d4       0x14 CMakeFiles/tft_pwm.dir/home/hunter_h/pico/pico-sdk/src/rp2_common/pico_standard_link/crt0.S.obj
                0x00000000100001e8                __binary_info_header_end = .
 *(.reset)
 .reset         0x00000000100001e8       0xa0 CMakeFiles/tft_pwm.dir/home/hunter_h/pico/pico-sdk/src/rp2_common/pico_standard_link/crt0.S.obj
                0x00000000100001e8                _entry_point
 .reset         0x0000000010000288       0x30 CMakeFiles/tft_pwm.dir/home/hunter_h/pico/pico-sdk/src/rp2_common/pico_standard_link/binary_info.c.obj
 *(.init)
 .init          0x00000000100002b8        0x4 /opt/gcc-arm-none-eabi-10-2020-q4-major/bin/../lib/gcc/arm-none-eabi/10.2.1/thumb/v6-m/nofp/crti.o
                0x00000000100002b8                _init
 *(EXCLUDE_FILE(*libm.a: *libc.a:*lib_a-mem*.o *libgcc.a:) .text*)
 .text          0x00000000100002bc       0x48 /opt/gcc-arm-none-eabi-10-2020-q4-major/bin/../lib/gcc/arm-none-eabi/10.2.1/thumb/v6-m/nofp/crtbegin.o
 .text.startup.main
                0x0000000010000304       0x7c CMakeFiles/tft_pwm.dir/tft_pwm.cpp.obj
                0x0000000010000304                main
 .text._ZL14clear_completev
                0x0000000010000380       0x2c CMakeFiles/tft_pwm.dir/driver/st7789.cpp.obj
 .text._Z24st7789_set_bl_brightnessh
                0x00000000100003ac       0x3c CMakeFiles/tft_pwm.dir/driver/st7789.cpp.obj
                0x00000000100003ac                st7789_set_bl_brightness(unsigned char)
 .text._Z11st7789_fillt
                0x00000000100003e8      0x1f0 CMakeFiles/tft_pwm.dir/driver/st7789.cpp.obj
                0x00000000100003e8                st7789_fill(unsigned short)
 .text._Z11st7789_initPK13st7789_configtt
                0x00000000100005d8      0x988 CMakeFiles/tft_pwm.dir/driver/st7789.cpp.obj
                0x00000000100005d8                st7789_init(st7789_config const*, unsigned short, unsigned short)
 .text._Z19st7789_fill_dma_irqt
                0x0000000010000f60       0x48 CMakeFiles/tft_pwm.dir/driver/st7789.cpp.obj
                0x0000000010000f60                st7789_fill_dma_irq(unsigned short)
 .text.gpio_set_function
                0x0000000010000fa8       0x30 CMakeFiles/tft_pwm.dir/home/hunter_h/pico/pico-sdk/src/rp2_common/hardware_gpio/gpio.c.obj
                0x0000000010000fa8                gpio_set_function
 .text.gpio_set_pulls
                0x0000000010000fd8       0x30 CMakeFiles/tft_pwm.dir/home/hunter_h/pico/pico-sdk/src/rp2_common/hardware_gpio/gpio.c.obj
                0x0000000010000fd8                gpio_set_pulls
 .text.gpio_init
                0x0000000010001008       0x3c CMakeFiles/tft_pwm.dir/home/hunter_h/pico/pico-sdk/src/rp2_common/hardware_gpio/gpio.c.obj
                0x0000000010001008                gpio_init
 .text.running_on_fpga
                0x0000000010001044       0x10 CMakeFiles/tft_pwm.dir/home/hunter_h/pico/pico-sdk/src/rp2_common/pico_platform/platform.c.obj
                0x0000000010001044                running_on_fpga
 .text.hw_claim_or_assert
                0x0000000010001054       0x44 CMakeFiles/tft_pwm.dir/home/hunter_h/pico/pico-sdk/src/rp2_common/hardware_claim/claim.c.obj
                0x0000000010001054                hw_claim_or_assert
 .text.hw_claim_unused_from_range
                0x0000000010001098       0x9c CMakeFiles/tft_pwm.dir/home/hunter_h/pico/pico-sdk/src/rp2_common/hardware_claim/claim.c.obj
                0x0000000010001098                hw_claim_unused_from_range
 .text.spin_locks_reset
                0x0000000010001134       0x1c CMakeFiles/tft_pwm.dir/home/hunter_h/pico/pico-sdk/src/rp2_common/hardware_sync/sync.c.obj
                0x0000000010001134                spin_locks_reset
 .text.next_striped_spin_lock_num
                0x0000000010001150       0x18 CMakeFiles/tft_pwm.dir/home/hunter_h/pico/pico-sdk/src/rp2_common/hardware_sync/sync.c.obj
                0x0000000010001150                next_striped_spin_lock_num
 .text.spin_lock_claim_unused
                0x0000000010001168       0x20 CMakeFiles/tft_pwm.dir/home/hunter_h/pico/pico-sdk/src/rp2_common/hardware_sync/sync.c.obj
                0x0000000010001168                spin_lock_claim_unused
 .text.irq_set_enabled
                0x0000000010001188       0x24 CMakeFiles/tft_pwm.dir/home/hunter_h/pico/pico-sdk/src/rp2_common/hardware_irq/irq.c.obj
                0x0000000010001188                irq_set_enabled
 .text.irq_set_pending
                0x00000000100011ac       0x10 CMakeFiles/tft_pwm.dir/home/hunter_h/pico/pico-sdk/src/rp2_common/hardware_irq/irq.c.obj
                0x00000000100011ac                irq_set_pending
 .text.irq_has_shared_handler
                0x00000000100011bc       0x2c CMakeFiles/tft_pwm.dir/home/hunter_h/pico/pico-sdk/src/rp2_common/hardware_irq/irq.c.obj
                0x00000000100011bc                irq_has_shared_handler
 .text.irq_get_vtable_handler
                0x00000000100011e8       0x10 CMakeFiles/tft_pwm.dir/home/hunter_h/pico/pico-sdk/src/rp2_common/hardware_irq/irq.c.obj
                0x00000000100011e8                irq_get_vtable_handler
 .text.irq_set_exclusive_handler
                0x00000000100011f8       0x54 CMakeFiles/tft_pwm.dir/home/hunter_h/pico/pico-sdk/src/rp2_common/hardware_irq/irq.c.obj
                0x00000000100011f8                irq_set_exclusive_handler
 .text.irq_add_shared_handler
                0x000000001000124c      0x1e8 CMakeFiles/tft_pwm.dir/home/hunter_h/pico/pico-sdk/src/rp2_common/hardware_irq/irq.c.obj
                0x000000001000124c                irq_add_shared_handler
 .text.irq_remove_handler
                0x0000000010001434      0x1b0 CMakeFiles/tft_pwm.dir/home/hunter_h/pico/pico-sdk/src/rp2_common/hardware_irq/irq.c.obj
                0x0000000010001434                irq_remove_handler
 .text.irq_add_tail_to_free_list
                0x00000000100015e4       0xb4 CMakeFiles/tft_pwm.dir/home/hunter_h/pico/pico-sdk/src/rp2_common/hardware_irq/irq.c.obj
                0x00000000100015e4                irq_add_tail_to_free_list
 .text.irq_init_priorities
                0x0000000010001698       0x24 CMakeFiles/tft_pwm.dir/home/hunter_h/pico/pico-sdk/src/rp2_common/hardware_irq/irq.c.obj
                0x0000000010001698                irq_init_priorities
 .text.user_irq_claim_unused
                0x00000000100016bc       0x28 CMakeFiles/tft_pwm.dir/home/hunter_h/pico/pico-sdk/src/rp2_common/hardware_irq/irq.c.obj
                0x00000000100016bc                user_irq_claim_unused
 .text.lock_init
                0x00000000100016e4       0x10 CMakeFiles/tft_pwm.dir/home/hunter_h/pico/pico-sdk/src/common/pico_sync/lock_core.c.obj
                0x00000000100016e4                lock_init
 .text.mutex_init
                0x00000000100016f4       0x1c CMakeFiles/tft_pwm.dir/home/hunter_h/pico/pico-sdk/src/common/pico_sync/mutex.c.obj
                0x00000000100016f4                mutex_init
 .text.recursive_mutex_init
                0x0000000010001710       0x1c CMakeFiles/tft_pwm.dir/home/hunter_h/pico/pico-sdk/src/common/pico_sync/mutex.c.obj
                0x0000000010001710                recursive_mutex_init
 .text.critical_section_init
                0x000000001000172c       0x20 CMakeFiles/tft_pwm.dir/home/hunter_h/pico/pico-sdk/src/common/pico_sync/critical_section.c.obj
                0x000000001000172c                critical_section_init
 .text.critical_section_init_with_lock_num
                0x000000001000174c       0x14 CMakeFiles/tft_pwm.dir/home/hunter_h/pico/pico-sdk/src/common/pico_sync/critical_section.c.obj
                0x000000001000174c                critical_section_init_with_lock_num
 .text.timer_pool_entry_comparator
                0x0000000010001760       0x34 CMakeFiles/tft_pwm.dir/home/hunter_h/pico/pico-sdk/src/common/pico_time/time.c.obj
                0x0000000010001760                timer_pool_entry_comparator
 .text.sleep_until_callback
                0x0000000010001794       0x30 CMakeFiles/tft_pwm.dir/home/hunter_h/pico/pico-sdk/src/common/pico_time/time.c.obj
 .text.add_alarm_under_lock.isra.0
                0x00000000100017c4      0x100 CMakeFiles/tft_pwm.dir/home/hunter_h/pico/pico-sdk/src/common/pico_time/time.c.obj
 .text.alarm_pool_alarm_callback
                0x00000000100018c4      0x1bc CMakeFiles/tft_pwm.dir/home/hunter_h/pico/pico-sdk/src/common/pico_time/time.c.obj
 .text.alarm_pool_init_default
                0x0000000010001a80       0x6c CMakeFiles/tft_pwm.dir/home/hunter_h/pico/pico-sdk/src/common/pico_time/time.c.obj
                0x0000000010001a80                alarm_pool_init_default
 .text.alarm_pool_get_default
                0x0000000010001aec        0x8 CMakeFiles/tft_pwm.dir/home/hunter_h/pico/pico-sdk/src/common/pico_time/time.c.obj
                0x0000000010001aec                alarm_pool_get_default
 .text.alarm_pool_add_alarm_at
                0x0000000010001af4      0x178 CMakeFiles/tft_pwm.dir/home/hunter_h/pico/pico-sdk/src/common/pico_time/time.c.obj
                0x0000000010001af4                alarm_pool_add_alarm_at
 .text.alarm_pool_core_num
                0x0000000010001c6c        0x4 CMakeFiles/tft_pwm.dir/home/hunter_h/pico/pico-sdk/src/common/pico_time/time.c.obj
                0x0000000010001c6c                alarm_pool_core_num
 .text.sleep_until
                0x0000000010001c70       0xc4 CMakeFiles/tft_pwm.dir/home/hunter_h/pico/pico-sdk/src/common/pico_time/time.c.obj
                0x0000000010001c70                sleep_until
 .text.sleep_us
                0x0000000010001d34       0x24 CMakeFiles/tft_pwm.dir/home/hunter_h/pico/pico-sdk/src/common/pico_time/time.c.obj
                0x0000000010001d34                sleep_us
 .text.sleep_ms
                0x0000000010001d58       0x34 CMakeFiles/tft_pwm.dir/home/hunter_h/pico/pico-sdk/src/common/pico_time/time.c.obj
                0x0000000010001d58                sleep_ms
 .text.best_effort_wfe_or_timeout
                0x0000000010001d8c       0xd4 CMakeFiles/tft_pwm.dir/home/hunter_h/pico/pico-sdk/src/common/pico_time/time.c.obj
                0x0000000010001d8c                best_effort_wfe_or_timeout
 .text.hardware_alarm_irq_handler
                0x0000000010001e60       0xbc CMakeFiles/tft_pwm.dir/home/hunter_h/pico/pico-sdk/src/rp2_common/hardware_timer/timer.c.obj
 .text.hardware_alarm_claim
                0x0000000010001f1c       0x18 CMakeFiles/tft_pwm.dir/home/hunter_h/pico/pico-sdk/src/rp2_common/hardware_timer/timer.c.obj
                0x0000000010001f1c                hardware_alarm_claim
 .text.time_us_64
                0x0000000010001f34       0x14 CMakeFiles/tft_pwm.dir/home/hunter_h/pico/pico-sdk/src/rp2_common/hardware_timer/timer.c.obj
                0x0000000010001f34                time_us_64
 .text.busy_wait_us
                0x0000000010001f48       0x54 CMakeFiles/tft_pwm.dir/home/hunter_h/pico/pico-sdk/src/rp2_common/hardware_timer/timer.c.obj
                0x0000000010001f48                busy_wait_us
 .text.busy_wait_until
                0x0000000010001f9c       0x20 CMakeFiles/tft_pwm.dir/home/hunter_h/pico/pico-sdk/src/rp2_common/hardware_timer/timer.c.obj
                0x0000000010001f9c                busy_wait_until
 .text.hardware_alarm_set_callback
                0x0000000010001fbc       0x8c CMakeFiles/tft_pwm.dir/home/hunter_h/pico/pico-sdk/src/rp2_common/hardware_timer/timer.c.obj
                0x0000000010001fbc                hardware_alarm_set_callback
 .text.hardware_alarm_set_target
                0x0000000010002048       0xd4 CMakeFiles/tft_pwm.dir/home/hunter_h/pico/pico-sdk/src/rp2_common/hardware_timer/timer.c.obj
                0x0000000010002048                hardware_alarm_set_target
 .text.hardware_alarm_cancel
                0x000000001000211c       0x3c CMakeFiles/tft_pwm.dir/home/hunter_h/pico/pico-sdk/src/rp2_common/hardware_timer/timer.c.obj
                0x000000001000211c                hardware_alarm_cancel
 .text.ph_merge_nodes
                0x0000000010002158       0x68 CMakeFiles/tft_pwm.dir/home/hunter_h/pico/pico-sdk/src/common/pico_util/pheap.c.obj
 .text.ph_post_alloc_init
                0x00000000100021c0       0x3c CMakeFiles/tft_pwm.dir/home/hunter_h/pico/pico-sdk/src/common/pico_util/pheap.c.obj
                0x00000000100021c0                ph_post_alloc_init
 .text.ph_merge_two_pass
                0x00000000100021fc       0x90 CMakeFiles/tft_pwm.dir/home/hunter_h/pico/pico-sdk/src/common/pico_util/pheap.c.obj
                0x00000000100021fc                ph_merge_two_pass
 .text.ph_remove_any_head
                0x000000001000228c      0x100 CMakeFiles/tft_pwm.dir/home/hunter_h/pico/pico-sdk/src/common/pico_util/pheap.c.obj
 .text.ph_remove_head
                0x000000001000238c      0x104 CMakeFiles/tft_pwm.dir/home/hunter_h/pico/pico-sdk/src/common/pico_util/pheap.c.obj
                0x000000001000238c                ph_remove_head
 .text.ph_remove_and_free_node
                0x0000000010002490       0x7c CMakeFiles/tft_pwm.dir/home/hunter_h/pico/pico-sdk/src/common/pico_util/pheap.c.obj
                0x0000000010002490                ph_remove_and_free_node
 .text.uart_init
                0x000000001000250c      0x188 CMakeFiles/tft_pwm.dir/home/hunter_h/pico/pico-sdk/src/rp2_common/hardware_uart/uart.c.obj
                0x000000001000250c                uart_init
 .text.clocks_init
                0x0000000010002694      0x2d0 CMakeFiles/tft_pwm.dir/home/hunter_h/pico/pico-sdk/src/rp2_common/hardware_clocks/clocks.c.obj
                0x0000000010002694                clocks_init
 .text.clock_get_hz
                0x0000000010002964        0xc CMakeFiles/tft_pwm.dir/home/hunter_h/pico/pico-sdk/src/rp2_common/hardware_clocks/clocks.c.obj
                0x0000000010002964                clock_get_hz
 .text.pll_init
                0x0000000010002970       0xa0 CMakeFiles/tft_pwm.dir/home/hunter_h/pico/pico-sdk/src/rp2_common/hardware_pll/pll.c.obj
                0x0000000010002970                pll_init
 .text.watchdog_start_tick
                0x0000000010002a10       0x10 CMakeFiles/tft_pwm.dir/home/hunter_h/pico/pico-sdk/src/rp2_common/hardware_watchdog/watchdog.c.obj
                0x0000000010002a10                watchdog_start_tick
 .text.watchdog_reboot
                0x0000000010002a20       0x98 CMakeFiles/tft_pwm.dir/home/hunter_h/pico/pico-sdk/src/rp2_common/hardware_watchdog/watchdog.c.obj
                0x0000000010002a20                watchdog_reboot
 .text.xosc_init
                0x0000000010002ab8       0x28 CMakeFiles/tft_pwm.dir/home/hunter_h/pico/pico-sdk/src/rp2_common/hardware_xosc/xosc.c.obj
                0x0000000010002ab8                xosc_init
 .text.runtime_init
                0x0000000010002ae0       0xf0 CMakeFiles/tft_pwm.dir/home/hunter_h/pico/pico-sdk/src/rp2_common/pico_runtime/runtime.c.obj
                0x0000000010002ae0                runtime_init
 .text._exit    0x0000000010002bd0        0x4 CMakeFiles/tft_pwm.dir/home/hunter_h/pico/pico-sdk/src/rp2_common/pico_runtime/runtime.c.obj
                0x0000000010002bd0                _exit
 .text.exit     0x0000000010002bd4        0x8 CMakeFiles/tft_pwm.dir/home/hunter_h/pico/pico-sdk/src/rp2_common/pico_runtime/runtime.c.obj
                0x0000000010002bd4                exit
 .text.panic    0x0000000010002bdc       0x30 CMakeFiles/tft_pwm.dir/home/hunter_h/pico/pico-sdk/src/rp2_common/pico_runtime/runtime.c.obj
                0x0000000010002bdc                panic
 .text.hard_assertion_failure
                0x0000000010002c0c        0xc CMakeFiles/tft_pwm.dir/home/hunter_h/pico/pico-sdk/src/rp2_common/pico_runtime/runtime.c.obj
                0x0000000010002c0c                hard_assertion_failure
 .text._out_null
                0x0000000010002c18        0x4 CMakeFiles/tft_pwm.dir/home/hunter_h/pico/pico-sdk/src/rp2_common/pico_printf/printf.c.obj
 .text._out_rev
                0x0000000010002c1c       0x9c CMakeFiles/tft_pwm.dir/home/hunter_h/pico/pico-sdk/src/rp2_common/pico_printf/printf.c.obj
 .text._ntoa_format
                0x0000000010002cb8      0x1cc CMakeFiles/tft_pwm.dir/home/hunter_h/pico/pico-sdk/src/rp2_common/pico_printf/printf.c.obj
 .text._out_char
                0x0000000010002e84       0x10 CMakeFiles/tft_pwm.dir/home/hunter_h/pico/pico-sdk/src/rp2_common/pico_printf/printf.c.obj
 .text._out_fct
                0x0000000010002e94       0x10 CMakeFiles/tft_pwm.dir/home/hunter_h/pico/pico-sdk/src/rp2_common/pico_printf/printf.c.obj
 .text._etoa    0x0000000010002ea4      0x44c CMakeFiles/tft_pwm.dir/home/hunter_h/pico/pico-sdk/src/rp2_common/pico_printf/printf.c.obj
 .text._ftoa    0x00000000100032f0      0x398 CMakeFiles/tft_pwm.dir/home/hunter_h/pico/pico-sdk/src/rp2_common/pico_printf/printf.c.obj
 .text._vsnprintf
                0x0000000010003688      0xb04 CMakeFiles/tft_pwm.dir/home/hunter_h/pico/pico-sdk/src/rp2_common/pico_printf/printf.c.obj
 .text.vfctprintf
                0x000000001000418c       0x20 CMakeFiles/tft_pwm.dir/home/hunter_h/pico/pico-sdk/src/rp2_common/pico_printf/printf.c.obj
                0x000000001000418c                vfctprintf
 .text.weak_raw_vprintf
                0x00000000100041ac       0x30 CMakeFiles/tft_pwm.dir/home/hunter_h/pico/pico-sdk/src/rp2_common/pico_printf/printf.c.obj
                0x00000000100041ac                weak_raw_vprintf
 .text          0x00000000100041dc       0x10 CMakeFiles/tft_pwm.dir/home/hunter_h/pico/pico-sdk/src/rp2_common/pico_bit_ops/bit_ops_aeabi.S.obj
 .text.rom_func_lookup
                0x00000000100041ec       0x10 CMakeFiles/tft_pwm.dir/home/hunter_h/pico/pico-sdk/src/rp2_common/pico_bootrom/bootrom.c.obj
                0x00000000100041ec                rom_func_lookup
 .text.rom_data_lookup
                0x00000000100041fc       0x10 CMakeFiles/tft_pwm.dir/home/hunter_h/pico/pico-sdk/src/rp2_common/pico_bootrom/bootrom.c.obj
                0x00000000100041fc                rom_data_lookup
 .text.rom_funcs_lookup
                0x000000001000420c       0x44 CMakeFiles/tft_pwm.dir/home/hunter_h/pico/pico-sdk/src/rp2_common/pico_bootrom/bootrom.c.obj
                0x000000001000420c                rom_funcs_lookup
 .text.__wrap___aeabi_idiv
                0x0000000010004250       0x50 CMakeFiles/tft_pwm.dir/home/hunter_h/pico/pico-sdk/src/rp2_common/pico_divider/divider.S.obj
                0x0000000010004250                __wrap___aeabi_idivmod
                0x0000000010004250                divmod_s32s32
                0x0000000010004250                div_s32s32
                0x0000000010004250                __wrap___aeabi_idiv
                0x0000000010004258                divmod_s32s32_unsafe
                0x0000000010004284                divmod_s32s32_savestate
 .text.__wrap___aeabi_uidiv
                0x00000000100042a0       0x4c CMakeFiles/tft_pwm.dir/home/hunter_h/pico/pico-sdk/src/rp2_common/pico_divider/divider.S.obj
                0x00000000100042a0                __wrap___aeabi_uidiv
                0x00000000100042a0                __wrap___aeabi_uidivmod
                0x00000000100042a0                div_u32u32
                0x00000000100042a0                divmod_u32u32
                0x00000000100042a8                divmod_u32u32_unsafe
                0x00000000100042d0                divmod_u32u32_savestate
 .text.__wrap___aeabi_ldiv
                0x00000000100042ec      0x424 CMakeFiles/tft_pwm.dir/home/hunter_h/pico/pico-sdk/src/rp2_common/pico_divider/divider.S.obj
                0x00000000100042ec                div_s64s64
                0x00000000100042ec                divmod_s64s64
                0x00000000100042ec                __wrap___aeabi_ldivmod
                0x000000001000431c                div_u64u64
                0x000000001000431c                divmod_u64u64
                0x000000001000431c                __wrap___aeabi_uldivmod
                0x000000001000432c                divmod_u64u64_savestate
                0x000000001000434c                divmod_s64s64_unsafe
                0x00000000100043d4                divmod_u64u64_unsafe
 .text.__wrap___aeabi_darithmetic
                0x0000000010004710       0x80 CMakeFiles/tft_pwm.dir/home/hunter_h/pico/pico-sdk/src/rp2_common/pico_double/double_aeabi.S.obj
                0x0000000010004710                __wrap___aeabi_drsub
                0x0000000010004716                __wrap___aeabi_dsub
                0x0000000010004728                __wrap___aeabi_dadd
                0x000000001000473a                __wrap___aeabi_ddiv
                0x0000000010004776                __wrap___aeabi_dmul
 .text.__wrap___aeabi_cdcmple
                0x0000000010004790       0x6c CMakeFiles/tft_pwm.dir/home/hunter_h/pico/pico-sdk/src/rp2_common/pico_double/double_aeabi.S.obj
                0x0000000010004790                __wrap___aeabi_cdrcmple
                0x00000000100047a0                __wrap___aeabi_cdcmple
                0x00000000100047a0                __wrap___aeabi_cdcmpeq
 .text.__wrap___aeabi_dcmplt
                0x00000000100047fc        0xc CMakeFiles/tft_pwm.dir/home/hunter_h/pico/pico-sdk/src/rp2_common/pico_double/double_aeabi.S.obj
                0x00000000100047fc                __wrap___aeabi_dcmplt
 .text.__wrap___aeabi_dcmple
                0x0000000010004808       0x10 CMakeFiles/tft_pwm.dir/home/hunter_h/pico/pico-sdk/src/rp2_common/pico_double/double_aeabi.S.obj
                0x0000000010004808                __wrap___aeabi_dcmple
 .text.__wrap___aeabi_dcmpge
                0x0000000010004818       0x10 CMakeFiles/tft_pwm.dir/home/hunter_h/pico/pico-sdk/src/rp2_common/pico_double/double_aeabi.S.obj
                0x0000000010004818                __wrap___aeabi_dcmpge
 .text.__wrap___aeabi_dcmpgt
                0x0000000010004828        0xa CMakeFiles/tft_pwm.dir/home/hunter_h/pico/pico-sdk/src/rp2_common/pico_double/double_aeabi.S.obj
                0x0000000010004828                __wrap___aeabi_dcmpgt
 .text.__wrap___aeabi_dcmpun
                0x0000000010004832       0x1c CMakeFiles/tft_pwm.dir/home/hunter_h/pico/pico-sdk/src/rp2_common/pico_double/double_aeabi.S.obj
                0x0000000010004832                __wrap___aeabi_dcmpun
 *fill*         0x000000001000484e        0x2 
 .text.__wrap___aeabi_i2d
                0x0000000010004850       0x38 CMakeFiles/tft_pwm.dir/home/hunter_h/pico/pico-sdk/src/rp2_common/pico_double/double_aeabi.S.obj
                0x0000000010004850                __wrap___aeabi_ui2d
                0x0000000010004858                __wrap___aeabi_i2d
 .text.__wrap___aeabi_d2iz
                0x0000000010004888       0x48 CMakeFiles/tft_pwm.dir/home/hunter_h/pico/pico-sdk/src/rp2_common/pico_double/double_aeabi.S.obj
                0x0000000010004888                __wrap___aeabi_d2iz
                0x0000000010004888                double2int_z
 .text.__wrap___aeabi_d2uiz
                0x00000000100048d0       0x18 CMakeFiles/tft_pwm.dir/home/hunter_h/pico/pico-sdk/src/rp2_common/pico_double/double_aeabi.S.obj
                0x00000000100048d0                double2uint
                0x00000000100048d0                __wrap___aeabi_d2uiz
 .text.__aeabi_double_init
                0x00000000100048e8       0x94 CMakeFiles/tft_pwm.dir/home/hunter_h/pico/pico-sdk/src/rp2_common/pico_double/double_init_rom.c.obj
                0x00000000100048e8                __aeabi_double_init
 .text.double_table_shim_on_use_helper
                0x000000001000497c       0x2c CMakeFiles/tft_pwm.dir/home/hunter_h/pico/pico-sdk/src/rp2_common/pico_double/double_v1_rom_shim.S.obj
                0x000000001000497c                double_table_shim_on_use_helper
 .text.__wrap___aeabi_dsub
                0x00000000100049a8       0x10 CMakeFiles/tft_pwm.dir/home/hunter_h/pico/pico-sdk/src/rp2_common/pico_double/double_v1_rom_shim.S.obj
                0x00000000100049a8                drsub_shim
                0x00000000100049ae                dsub_shim
 .text.dadd_shim
                0x00000000100049b8      0x15c CMakeFiles/tft_pwm.dir/home/hunter_h/pico/pico-sdk/src/rp2_common/pico_double/double_v1_rom_shim.S.obj
                0x00000000100049b8                dadd_shim
 .text.dmul_shim
                0x0000000010004b14      0x15c CMakeFiles/tft_pwm.dir/home/hunter_h/pico/pico-sdk/src/rp2_common/pico_double/double_v1_rom_shim.S.obj
                0x0000000010004b14                dmul_shim
 .text.ddiv_shim
                0x0000000010004c70      0x1b0 CMakeFiles/tft_pwm.dir/home/hunter_h/pico/pico-sdk/src/rp2_common/pico_double/double_v1_rom_shim.S.obj
                0x0000000010004c70                ddiv_shim
 .text.double2uint_shim
                0x0000000010004e20        0xe CMakeFiles/tft_pwm.dir/home/hunter_h/pico/pico-sdk/src/rp2_common/pico_double/double_v1_rom_shim.S.obj
                0x0000000010004e20                double2uint_shim
                0x0000000010004e22                double2ufix_shim
 *fill*         0x0000000010004e2e        0x2 
 .text.double2uint64_shim
                0x0000000010004e30       0x70 CMakeFiles/tft_pwm.dir/home/hunter_h/pico/pico-sdk/src/rp2_common/pico_double/double_v1_rom_shim.S.obj
                0x0000000010004e30                double2uint64_shim
                0x0000000010004e32                double2ufix64_shim
                0x0000000010004e52                d2fix_a
 .text.dunpacks
                0x0000000010004ea0       0x3c CMakeFiles/tft_pwm.dir/home/hunter_h/pico/pico-sdk/src/rp2_common/pico_double/double_v1_rom_shim.S.obj
                0x0000000010004ea0                dunpacks
 .text.__aeabi_lmul
                0x0000000010004edc       0x32 CMakeFiles/tft_pwm.dir/home/hunter_h/pico/pico-sdk/src/rp2_common/pico_int64_ops/pico_int64_ops_aeabi.S.obj
                0x0000000010004edc                __wrap___aeabi_lmul
 *fill*         0x0000000010004f0e        0x2 
 .text.__wrap___aeabi_farithmetic
                0x0000000010004f10       0x48 CMakeFiles/tft_pwm.dir/home/hunter_h/pico/pico-sdk/src/rp2_common/pico_float/float_aeabi.S.obj
                0x0000000010004f10                __wrap___aeabi_frsub
                0x0000000010004f16                __wrap___aeabi_fsub
                0x0000000010004f1c                __wrap___aeabi_fadd
                0x0000000010004f22                __wrap___aeabi_fdiv
                0x0000000010004f4a                __wrap___aeabi_fmul
 .text.__wrap___aeabi_ui2f
                0x0000000010004f58        0xa CMakeFiles/tft_pwm.dir/home/hunter_h/pico/pico-sdk/src/rp2_common/pico_float/float_aeabi.S.obj
                0x0000000010004f58                __wrap___aeabi_ui2f
 *fill*         0x0000000010004f62        0x2 
 .text.__wrap___aeabi_i2f
                0x0000000010004f64       0x44 CMakeFiles/tft_pwm.dir/home/hunter_h/pico/pico-sdk/src/rp2_common/pico_float/float_aeabi.S.obj
                0x0000000010004f64                __wrap___aeabi_i2f
 .text.__wrap___aeabi_f2d
                0x0000000010004fa8       0x14 CMakeFiles/tft_pwm.dir/home/hunter_h/pico/pico-sdk/src/rp2_common/pico_float/float_aeabi.S.obj
                0x0000000010004fa8                __wrap___aeabi_f2d
 .text.__aeabi_float_init
                0x0000000010004fbc       0x64 CMakeFiles/tft_pwm.dir/home/hunter_h/pico/pico-sdk/src/rp2_common/pico_float/float_init_rom.c.obj
                0x0000000010004fbc                __aeabi_float_init
 .text.float_table_shim_on_use_helper
                0x0000000010005020       0x2c CMakeFiles/tft_pwm.dir/home/hunter_h/pico/pico-sdk/src/rp2_common/pico_float/float_v1_rom_shim.S.obj
                0x0000000010005020                float_table_shim_on_use_helper
 .text.float2double_shim
                0x000000001000504c       0x30 CMakeFiles/tft_pwm.dir/home/hunter_h/pico/pico-sdk/src/rp2_common/pico_float/float_v1_rom_shim.S.obj
                0x000000001000504c                float2double_shim
 .text          0x000000001000507c       0x10 CMakeFiles/tft_pwm.dir/home/hunter_h/pico/pico-sdk/src/rp2_common/pico_mem_ops/mem_ops_aeabi.S.obj
                0x000000001000507c                __aeabi_mem_init
 .text.memset   0x000000001000508c        0xc CMakeFiles/tft_pwm.dir/home/hunter_h/pico/pico-sdk/src/rp2_common/pico_mem_ops/mem_ops_aeabi.S.obj
                0x000000001000508c                __wrap_memset
 .text.memcpy   0x0000000010005098        0xc CMakeFiles/tft_pwm.dir/home/hunter_h/pico/pico-sdk/src/rp2_common/pico_mem_ops/mem_ops_aeabi.S.obj
                0x0000000010005098                __wrap___aeabi_memcpy
                0x0000000010005098                __wrap_memcpy
 .text.stdio_out_chars_no_crlf
                0x00000000100050a4       0x10 CMakeFiles/tft_pwm.dir/home/hunter_h/pico/pico-sdk/src/rp2_common/pico_stdio/stdio.c.obj
 .text.stdio_out_chars_crlf
                0x00000000100050b4       0xb4 CMakeFiles/tft_pwm.dir/home/hunter_h/pico/pico-sdk/src/rp2_common/pico_stdio/stdio.c.obj
 .text.stdio_buffered_printer
                0x0000000010005168       0x64 CMakeFiles/tft_pwm.dir/home/hunter_h/pico/pico-sdk/src/rp2_common/pico_stdio/stdio.c.obj
 .text.stdio_put_string.isra.0
                0x00000000100051cc       0xfc CMakeFiles/tft_pwm.dir/home/hunter_h/pico/pico-sdk/src/rp2_common/pico_stdio/stdio.c.obj
 .text.__wrap_putchar
                0x00000000100052c8       0x98 CMakeFiles/tft_pwm.dir/home/hunter_h/pico/pico-sdk/src/rp2_common/pico_stdio/stdio.c.obj
                0x00000000100052c8                __wrap_putchar
 .text.__wrap_puts
                0x0000000010005360       0x3c CMakeFiles/tft_pwm.dir/home/hunter_h/pico/pico-sdk/src/rp2_common/pico_stdio/stdio.c.obj
                0x0000000010005360                __wrap_puts
 .text.stdio_set_driver_enabled
                0x000000001000539c       0x30 CMakeFiles/tft_pwm.dir/home/hunter_h/pico/pico-sdk/src/rp2_common/pico_stdio/stdio.c.obj
                0x000000001000539c                stdio_set_driver_enabled
 .text.__wrap_vprintf
                0x00000000100053cc       0xd8 CMakeFiles/tft_pwm.dir/home/hunter_h/pico/pico-sdk/src/rp2_common/pico_stdio/stdio.c.obj
                0x00000000100053cc                __wrap_vprintf
 .text.__wrap_printf
                0x00000000100054a4       0x18 CMakeFiles/tft_pwm.dir/home/hunter_h/pico/pico-sdk/src/rp2_common/pico_stdio/stdio.c.obj
                0x00000000100054a4                __wrap_printf
 .text.stdio_init_all
                0x00000000100054bc       0x10 CMakeFiles/tft_pwm.dir/home/hunter_h/pico/pico-sdk/src/rp2_common/pico_stdio/stdio.c.obj
                0x00000000100054bc                stdio_init_all
 .text.stdio_uart_out_chars
                0x00000000100054cc       0x4c CMakeFiles/tft_pwm.dir/home/hunter_h/pico/pico-sdk/src/rp2_common/pico_stdio_uart/stdio_uart.c.obj
 .text.stdio_uart_in_chars
                0x0000000010005518       0x84 CMakeFiles/tft_pwm.dir/home/hunter_h/pico/pico-sdk/src/rp2_common/pico_stdio_uart/stdio_uart.c.obj
                0x0000000010005518                stdio_uart_in_chars
 .text.on_uart_rx
                0x000000001000559c       0x28 CMakeFiles/tft_pwm.dir/home/hunter_h/pico/pico-sdk/src/rp2_common/pico_stdio_uart/stdio_uart.c.obj
 .text.stdio_uart_set_chars_available_callback
                0x00000000100055c4       0x8c CMakeFiles/tft_pwm.dir/home/hunter_h/pico/pico-sdk/src/rp2_common/pico_stdio_uart/stdio_uart.c.obj
 .text.stdio_uart_init
                0x0000000010005650       0x48 CMakeFiles/tft_pwm.dir/home/hunter_h/pico/pico-sdk/src/rp2_common/pico_stdio_uart/stdio_uart.c.obj
                0x0000000010005650                stdio_uart_init
 .text.resetd_init
                0x0000000010005698        0x4 CMakeFiles/tft_pwm.dir/home/hunter_h/pico/pico-sdk/src/rp2_common/pico_stdio_usb/reset_interface.c.obj
 .text.resetd_reset
                0x000000001000569c        0xc CMakeFiles/tft_pwm.dir/home/hunter_h/pico/pico-sdk/src/rp2_common/pico_stdio_usb/reset_interface.c.obj
 .text.resetd_open
                0x00000000100056a8       0x28 CMakeFiles/tft_pwm.dir/home/hunter_h/pico/pico-sdk/src/rp2_common/pico_stdio_usb/reset_interface.c.obj
 .text.resetd_xfer_cb
                0x00000000100056d0        0x4 CMakeFiles/tft_pwm.dir/home/hunter_h/pico/pico-sdk/src/rp2_common/pico_stdio_usb/reset_interface.c.obj
 .text.resetd_control_xfer_cb
                0x00000000100056d4       0x64 CMakeFiles/tft_pwm.dir/home/hunter_h/pico/pico-sdk/src/rp2_common/pico_stdio_usb/reset_interface.c.obj
 .text.usbd_app_driver_get_cb
                0x0000000010005738        0xc CMakeFiles/tft_pwm.dir/home/hunter_h/pico/pico-sdk/src/rp2_common/pico_stdio_usb/reset_interface.c.obj
                0x0000000010005738                usbd_app_driver_get_cb
 .text.tud_cdc_line_coding_cb
                0x0000000010005744       0x34 CMakeFiles/tft_pwm.dir/home/hunter_h/pico/pico-sdk/src/rp2_common/pico_stdio_usb/reset_interface.c.obj
                0x0000000010005744                tud_cdc_line_coding_cb
 .text.stdio_usb_set_chars_available_callback
                0x0000000010005778       0x14 CMakeFiles/tft_pwm.dir/home/hunter_h/pico/pico-sdk/src/rp2_common/pico_stdio_usb/stdio_usb.c.obj
                0x0000000010005778                stdio_usb_set_chars_available_callback
 .text.usb_irq  0x000000001000578c       0x10 CMakeFiles/tft_pwm.dir/home/hunter_h/pico/pico-sdk/src/rp2_common/pico_stdio_usb/stdio_usb.c.obj
 .text.timer_task
                0x000000001000579c       0x54 CMakeFiles/tft_pwm.dir/home/hunter_h/pico/pico-sdk/src/rp2_common/pico_stdio_usb/stdio_usb.c.obj
 .text.stdio_usb_in_chars
                0x00000000100057f0       0x90 CMakeFiles/tft_pwm.dir/home/hunter_h/pico/pico-sdk/src/rp2_common/pico_stdio_usb/stdio_usb.c.obj
                0x00000000100057f0                stdio_usb_in_chars
 .text.stdio_usb_out_chars
                0x0000000010005880      0x100 CMakeFiles/tft_pwm.dir/home/hunter_h/pico/pico-sdk/src/rp2_common/pico_stdio_usb/stdio_usb.c.obj
 .text.low_priority_worker_irq
                0x0000000010005980       0xa8 CMakeFiles/tft_pwm.dir/home/hunter_h/pico/pico-sdk/src/rp2_common/pico_stdio_usb/stdio_usb.c.obj
 .text.tud_cdc_rx_cb
                0x0000000010005a28       0x20 CMakeFiles/tft_pwm.dir/home/hunter_h/pico/pico-sdk/src/rp2_common/pico_stdio_usb/stdio_usb.c.obj
                0x0000000010005a28                tud_cdc_rx_cb
 .text.stdio_usb_init
                0x0000000010005a48       0xdc CMakeFiles/tft_pwm.dir/home/hunter_h/pico/pico-sdk/src/rp2_common/pico_stdio_usb/stdio_usb.c.obj
                0x0000000010005a48                stdio_usb_init
 .text.tud_descriptor_device_cb
                0x0000000010005b24        0x8 CMakeFiles/tft_pwm.dir/home/hunter_h/pico/pico-sdk/src/rp2_common/pico_stdio_usb/stdio_usb_descriptors.c.obj
                0x0000000010005b24                tud_descriptor_device_cb
 .text.tud_descriptor_configuration_cb
                0x0000000010005b2c        0x8 CMakeFiles/tft_pwm.dir/home/hunter_h/pico/pico-sdk/src/rp2_common/pico_stdio_usb/stdio_usb_descriptors.c.obj
                0x0000000010005b2c                tud_descriptor_configuration_cb
 .text.tud_descriptor_string_cb
                0x0000000010005b34       0x74 CMakeFiles/tft_pwm.dir/home/hunter_h/pico/pico-sdk/src/rp2_common/pico_stdio_usb/stdio_usb_descriptors.c.obj
                0x0000000010005b34                tud_descriptor_string_cb
 .text.startup._retrieve_unique_id_on_boot
                0x0000000010005ba8       0x10 CMakeFiles/tft_pwm.dir/home/hunter_h/pico/pico-sdk/src/rp2_common/pico_unique_id/unique_id.c.obj
 .text.pico_get_unique_board_id
                0x0000000010005bb8       0x10 CMakeFiles/tft_pwm.dir/home/hunter_h/pico/pico-sdk/src/rp2_common/pico_unique_id/unique_id.c.obj
                0x0000000010005bb8                pico_get_unique_board_id
 .text.pico_get_unique_board_id_string
                0x0000000010005bc8      0x1a8 CMakeFiles/tft_pwm.dir/home/hunter_h/pico/pico-sdk/src/rp2_common/pico_unique_id/unique_id.c.obj
                0x0000000010005bc8                pico_get_unique_board_id_string
 .text.flash_get_unique_id
                0x0000000010005d70       0x40 CMakeFiles/tft_pwm.dir/home/hunter_h/pico/pico-sdk/src/rp2_common/hardware_flash/flash.c.obj
                0x0000000010005d70                flash_get_unique_id
 .text.dcd_int_enable
                0x0000000010005db0        0xc CMakeFiles/tft_pwm.dir/home/hunter_h/pico/pico-sdk/lib/tinyusb/src/portable/raspberrypi/rp2040/dcd_rp2040.c.obj
                0x0000000010005db0                dcd_int_enable
 .text.dcd_set_address
                0x0000000010005dbc       0x14 CMakeFiles/tft_pwm.dir/home/hunter_h/pico/pico-sdk/lib/tinyusb/src/portable/raspberrypi/rp2040/dcd_rp2040.c.obj
                0x0000000010005dbc                dcd_set_address
 .text.dcd_connect
                0x0000000010005dd0       0x10 CMakeFiles/tft_pwm.dir/home/hunter_h/pico/pico-sdk/lib/tinyusb/src/portable/raspberrypi/rp2040/dcd_rp2040.c.obj
                0x0000000010005dd0                dcd_connect
 .text.dcd_init
                0x0000000010005de0       0x98 CMakeFiles/tft_pwm.dir/home/hunter_h/pico/pico-sdk/lib/tinyusb/src/portable/raspberrypi/rp2040/dcd_rp2040.c.obj
                0x0000000010005de0                dcd_init
 .text.dcd_edpt0_status_complete
                0x0000000010005e78       0x1c CMakeFiles/tft_pwm.dir/home/hunter_h/pico/pico-sdk/lib/tinyusb/src/portable/raspberrypi/rp2040/dcd_rp2040.c.obj
                0x0000000010005e78                dcd_edpt0_status_complete
 .text.dcd_edpt_open
                0x0000000010005e94      0x108 CMakeFiles/tft_pwm.dir/home/hunter_h/pico/pico-sdk/lib/tinyusb/src/portable/raspberrypi/rp2040/dcd_rp2040.c.obj
                0x0000000010005e94                dcd_edpt_open
 .text.dcd_edpt_close_all
                0x0000000010005f9c        0x8 CMakeFiles/tft_pwm.dir/home/hunter_h/pico/pico-sdk/lib/tinyusb/src/portable/raspberrypi/rp2040/dcd_rp2040.c.obj
                0x0000000010005f9c                dcd_edpt_close_all
 .text.dcd_edpt_xfer
                0x0000000010005fa4       0x24 CMakeFiles/tft_pwm.dir/home/hunter_h/pico/pico-sdk/lib/tinyusb/src/portable/raspberrypi/rp2040/dcd_rp2040.c.obj
                0x0000000010005fa4                dcd_edpt_xfer
 .text.dcd_edpt_stall
                0x0000000010005fc8       0x38 CMakeFiles/tft_pwm.dir/home/hunter_h/pico/pico-sdk/lib/tinyusb/src/portable/raspberrypi/rp2040/dcd_rp2040.c.obj
                0x0000000010005fc8                dcd_edpt_stall
 .text.dcd_edpt_clear_stall
                0x0000000010006000       0x30 CMakeFiles/tft_pwm.dir/home/hunter_h/pico/pico-sdk/lib/tinyusb/src/portable/raspberrypi/rp2040/dcd_rp2040.c.obj
                0x0000000010006000                dcd_edpt_clear_stall
 .text.rp2040_usb_init
                0x0000000010006030       0x4c CMakeFiles/tft_pwm.dir/home/hunter_h/pico/pico-sdk/lib/tinyusb/src/portable/raspberrypi/rp2040/rp2040_usb.c.obj
                0x0000000010006030                rp2040_usb_init
 .text.hw_endpoint_xfer_start
                0x000000001000607c       0x50 CMakeFiles/tft_pwm.dir/home/hunter_h/pico/pico-sdk/lib/tinyusb/src/portable/raspberrypi/rp2040/rp2040_usb.c.obj
                0x000000001000607c                hw_endpoint_xfer_start
 .text.tud_mounted
                0x00000000100060cc       0x10 CMakeFiles/tft_pwm.dir/home/hunter_h/pico/pico-sdk/lib/tinyusb/src/device/usbd.c.obj
                0x00000000100060cc                tud_mounted
 .text.tud_suspended
                0x00000000100060dc       0x10 CMakeFiles/tft_pwm.dir/home/hunter_h/pico/pico-sdk/lib/tinyusb/src/device/usbd.c.obj
                0x00000000100060dc                tud_suspended
 .text.tud_inited
                0x00000000100060ec       0x14 CMakeFiles/tft_pwm.dir/home/hunter_h/pico/pico-sdk/lib/tinyusb/src/device/usbd.c.obj
                0x00000000100060ec                tud_inited
 .text.tud_init
                0x0000000010006100       0xe4 CMakeFiles/tft_pwm.dir/home/hunter_h/pico/pico-sdk/lib/tinyusb/src/device/usbd.c.obj
                0x0000000010006100                tud_init
 .text.tud_task_ext
                0x00000000100061e4      0x854 CMakeFiles/tft_pwm.dir/home/hunter_h/pico/pico-sdk/lib/tinyusb/src/device/usbd.c.obj
                0x00000000100061e4                tud_task_ext
 .text.usbd_open_edpt_pair
                0x0000000010006a38       0x9c CMakeFiles/tft_pwm.dir/home/hunter_h/pico/pico-sdk/lib/tinyusb/src/device/usbd.c.obj
                0x0000000010006a38                usbd_open_edpt_pair
 .text.usbd_defer_func
                0x0000000010006ad4       0x48 CMakeFiles/tft_pwm.dir/home/hunter_h/pico/pico-sdk/lib/tinyusb/src/device/usbd.c.obj
                0x0000000010006ad4                usbd_defer_func
 .text.usbd_edpt_open
                0x0000000010006b1c       0x34 CMakeFiles/tft_pwm.dir/home/hunter_h/pico/pico-sdk/lib/tinyusb/src/device/usbd.c.obj
                0x0000000010006b1c                usbd_edpt_open
 .text.usbd_edpt_claim
                0x0000000010006b50       0x28 CMakeFiles/tft_pwm.dir/home/hunter_h/pico/pico-sdk/lib/tinyusb/src/device/usbd.c.obj
                0x0000000010006b50                usbd_edpt_claim
 .text.usbd_edpt_release
                0x0000000010006b78       0x28 CMakeFiles/tft_pwm.dir/home/hunter_h/pico/pico-sdk/lib/tinyusb/src/device/usbd.c.obj
                0x0000000010006b78                usbd_edpt_release
 .text.usbd_edpt_xfer
                0x0000000010006ba0       0x4c CMakeFiles/tft_pwm.dir/home/hunter_h/pico/pico-sdk/lib/tinyusb/src/device/usbd.c.obj
                0x0000000010006ba0                usbd_edpt_xfer
 .text.tud_control_status
                0x0000000010006bec       0x30 CMakeFiles/tft_pwm.dir/home/hunter_h/pico/pico-sdk/lib/tinyusb/src/device/usbd_control.c.obj
                0x0000000010006bec                tud_control_status
 .text.tud_control_xfer
                0x0000000010006c1c       0xbc CMakeFiles/tft_pwm.dir/home/hunter_h/pico/pico-sdk/lib/tinyusb/src/device/usbd_control.c.obj
                0x0000000010006c1c                tud_control_xfer
 .text.usbd_control_reset
                0x0000000010006cd8       0x14 CMakeFiles/tft_pwm.dir/home/hunter_h/pico/pico-sdk/lib/tinyusb/src/device/usbd_control.c.obj
                0x0000000010006cd8                usbd_control_reset
 .text.usbd_control_set_complete_callback
                0x0000000010006cec        0xc CMakeFiles/tft_pwm.dir/home/hunter_h/pico/pico-sdk/lib/tinyusb/src/device/usbd_control.c.obj
                0x0000000010006cec                usbd_control_set_complete_callback
 .text.usbd_control_set_request
                0x0000000010006cf8       0x1c CMakeFiles/tft_pwm.dir/home/hunter_h/pico/pico-sdk/lib/tinyusb/src/device/usbd_control.c.obj
                0x0000000010006cf8                usbd_control_set_request
 .text.usbd_control_xfer_cb
                0x0000000010006d14       0xfc CMakeFiles/tft_pwm.dir/home/hunter_h/pico/pico-sdk/lib/tinyusb/src/device/usbd_control.c.obj
                0x0000000010006d14                usbd_control_xfer_cb
 .text.tud_cdc_n_connected
                0x0000000010006e10       0x30 CMakeFiles/tft_pwm.dir/home/hunter_h/pico/pico-sdk/lib/tinyusb/src/class/cdc/cdc_device.c.obj
                0x0000000010006e10                tud_cdc_n_connected
 .text.tud_cdc_n_available
                0x0000000010006e40       0x18 CMakeFiles/tft_pwm.dir/home/hunter_h/pico/pico-sdk/lib/tinyusb/src/class/cdc/cdc_device.c.obj
                0x0000000010006e40                tud_cdc_n_available
 .text.tud_cdc_n_read
                0x0000000010006e58       0x70 CMakeFiles/tft_pwm.dir/home/hunter_h/pico/pico-sdk/lib/tinyusb/src/class/cdc/cdc_device.c.obj
                0x0000000010006e58                tud_cdc_n_read
 .text.tud_cdc_n_write_flush
                0x0000000010006ec8       0x78 CMakeFiles/tft_pwm.dir/home/hunter_h/pico/pico-sdk/lib/tinyusb/src/class/cdc/cdc_device.c.obj
                0x0000000010006ec8                tud_cdc_n_write_flush
 .text.tud_cdc_n_write
                0x0000000010006f40       0x34 CMakeFiles/tft_pwm.dir/home/hunter_h/pico/pico-sdk/lib/tinyusb/src/class/cdc/cdc_device.c.obj
                0x0000000010006f40                tud_cdc_n_write
 .text.tud_cdc_n_write_available
                0x0000000010006f74       0x18 CMakeFiles/tft_pwm.dir/home/hunter_h/pico/pico-sdk/lib/tinyusb/src/class/cdc/cdc_device.c.obj
                0x0000000010006f74                tud_cdc_n_write_available
 .text.cdcd_init
                0x0000000010006f8c       0x7c CMakeFiles/tft_pwm.dir/home/hunter_h/pico/pico-sdk/lib/tinyusb/src/class/cdc/cdc_device.c.obj
                0x0000000010006f8c                cdcd_init
 .text.cdcd_reset
                0x0000000010007008       0x2c CMakeFiles/tft_pwm.dir/home/hunter_h/pico/pico-sdk/lib/tinyusb/src/class/cdc/cdc_device.c.obj
                0x0000000010007008                cdcd_reset
 .text.cdcd_open
                0x0000000010007034       0xe8 CMakeFiles/tft_pwm.dir/home/hunter_h/pico/pico-sdk/lib/tinyusb/src/class/cdc/cdc_device.c.obj
                0x0000000010007034                cdcd_open
 .text.cdcd_control_xfer_cb
                0x000000001000711c       0xe4 CMakeFiles/tft_pwm.dir/home/hunter_h/pico/pico-sdk/lib/tinyusb/src/class/cdc/cdc_device.c.obj
                0x000000001000711c                cdcd_control_xfer_cb
 .text.cdcd_xfer_cb
                0x0000000010007200      0x148 CMakeFiles/tft_pwm.dir/home/hunter_h/pico/pico-sdk/lib/tinyusb/src/class/cdc/cdc_device.c.obj
                0x0000000010007200                cdcd_xfer_cb
 .text.tusb_init
                0x0000000010007348        0xc CMakeFiles/tft_pwm.dir/home/hunter_h/pico/pico-sdk/lib/tinyusb/src/tusb.c.obj
                0x0000000010007348                tusb_init
 .text.tusb_inited
                0x0000000010007354        0x8 CMakeFiles/tft_pwm.dir/home/hunter_h/pico/pico-sdk/lib/tinyusb/src/tusb.c.obj
                0x0000000010007354                tusb_inited
 .text.tu_edpt_claim
                0x000000001000735c       0x50 CMakeFiles/tft_pwm.dir/home/hunter_h/pico/pico-sdk/lib/tinyusb/src/tusb.c.obj
                0x000000001000735c                tu_edpt_claim
 .text.tu_edpt_release
                0x00000000100073ac       0x38 CMakeFiles/tft_pwm.dir/home/hunter_h/pico/pico-sdk/lib/tinyusb/src/tusb.c.obj
                0x00000000100073ac                tu_edpt_release
 .text.tu_edpt_validate
                0x00000000100073e4       0x78 CMakeFiles/tft_pwm.dir/home/hunter_h/pico/pico-sdk/lib/tinyusb/src/tusb.c.obj
                0x00000000100073e4                tu_edpt_validate
 .text.tu_edpt_bind_driver
                0x000000001000745c       0x34 CMakeFiles/tft_pwm.dir/home/hunter_h/pico/pico-sdk/lib/tinyusb/src/tusb.c.obj
                0x000000001000745c                tu_edpt_bind_driver
 .text.tu_fifo_config
                0x0000000010007490       0x70 CMakeFiles/tft_pwm.dir/home/hunter_h/pico/pico-sdk/lib/tinyusb/src/common/tusb_fifo.c.obj
                0x0000000010007490                tu_fifo_config
 .text.tu_fifo_count
                0x0000000010007500       0x2c CMakeFiles/tft_pwm.dir/home/hunter_h/pico/pico-sdk/lib/tinyusb/src/common/tusb_fifo.c.obj
                0x0000000010007500                tu_fifo_count
 .text.tu_fifo_empty
                0x000000001000752c       0x10 CMakeFiles/tft_pwm.dir/home/hunter_h/pico/pico-sdk/lib/tinyusb/src/common/tusb_fifo.c.obj
                0x000000001000752c                tu_fifo_empty
 .text.tu_fifo_remaining
                0x000000001000753c       0x2c CMakeFiles/tft_pwm.dir/home/hunter_h/pico/pico-sdk/lib/tinyusb/src/common/tusb_fifo.c.obj
                0x000000001000753c                tu_fifo_remaining
 .text.tu_fifo_read
                0x0000000010007568       0xa0 CMakeFiles/tft_pwm.dir/home/hunter_h/pico/pico-sdk/lib/tinyusb/src/common/tusb_fifo.c.obj
                0x0000000010007568                tu_fifo_read
 .text.tu_fifo_read_n
                0x0000000010007608       0xec CMakeFiles/tft_pwm.dir/home/hunter_h/pico/pico-sdk/lib/tinyusb/src/common/tusb_fifo.c.obj
                0x0000000010007608                tu_fifo_read_n
 .text.tu_fifo_write
                0x00000000100076f4       0x88 CMakeFiles/tft_pwm.dir/home/hunter_h/pico/pico-sdk/lib/tinyusb/src/common/tusb_fifo.c.obj
                0x00000000100076f4                tu_fifo_write
 .text.tu_fifo_write_n
                0x000000001000777c      0x168 CMakeFiles/tft_pwm.dir/home/hunter_h/pico/pico-sdk/lib/tinyusb/src/common/tusb_fifo.c.obj
                0x000000001000777c                tu_fifo_write_n
 .text.tu_fifo_clear
                0x00000000100078e4       0x40 CMakeFiles/tft_pwm.dir/home/hunter_h/pico/pico-sdk/lib/tinyusb/src/common/tusb_fifo.c.obj
                0x00000000100078e4                tu_fifo_clear
 .text.tu_fifo_set_overwritable
                0x0000000010007924       0x48 CMakeFiles/tft_pwm.dir/home/hunter_h/pico/pico-sdk/lib/tinyusb/src/common/tusb_fifo.c.obj
                0x0000000010007924                tu_fifo_set_overwritable
 .text.splitmix64
                0x000000001000796c       0x5c CMakeFiles/tft_pwm.dir/home/hunter_h/pico/pico-sdk/src/rp2_common/pico_rand/rand.c.obj
 .text.xoroshiro128ss
                0x00000000100079c8       0x90 CMakeFiles/tft_pwm.dir/home/hunter_h/pico/pico-sdk/src/rp2_common/pico_rand/rand.c.obj
 .text.get_rand_64
                0x0000000010007a58      0x484 CMakeFiles/tft_pwm.dir/home/hunter_h/pico/pico-sdk/src/rp2_common/pico_rand/rand.c.obj
                0x0000000010007a58                get_rand_64
 .text.get_rand_32
                0x0000000010007edc        0x8 CMakeFiles/tft_pwm.dir/home/hunter_h/pico/pico-sdk/src/rp2_common/pico_rand/rand.c.obj
                0x0000000010007edc                get_rand_32
 .text.spi_init
                0x0000000010007ee4      0x138 CMakeFiles/tft_pwm.dir/home/hunter_h/pico/pico-sdk/src/rp2_common/hardware_spi/spi.c.obj
                0x0000000010007ee4                spi_init
 .text.dma_claim_unused_channel
                0x000000001000801c       0x20 CMakeFiles/tft_pwm.dir/home/hunter_h/pico/pico-sdk/src/rp2_common/hardware_dma/dma.c.obj
                0x000000001000801c                dma_claim_unused_channel
 .text.strlen   0x000000001000803c       0x5c /opt/gcc-arm-none-eabi-10-2020-q4-major/bin/../lib/gcc/arm-none-eabi/10.2.1/../../../../arm-none-eabi/lib/thumb/v6-m/nofp/libc.a(lib_a-strlen-stub.o)
                0x000000001000803c                strlen
 *(.fini)
 .fini          0x0000000010008098        0x4 /opt/gcc-arm-none-eabi-10-2020-q4-major/bin/../lib/gcc/arm-none-eabi/10.2.1/thumb/v6-m/nofp/crti.o
                0x0000000010008098                _fini
 *fill*         0x000000001000809c        0x4 
 .fini.__stub   0x00000000100080a0       0xf0 linker stubs
 *crtbegin.o(.ctors)
 *crtbegin?.o(.ctors)
 *(EXCLUDE_FILE(*crtend.o *crtend?.o) .ctors)
 *(SORT_BY_NAME(.ctors.*))
 *(.ctors)
 *crtbegin.o(.dtors)
 *crtbegin?.o(.dtors)
 *(EXCLUDE_FILE(*crtend.o *crtend?.o) .dtors)
 *(SORT_BY_NAME(.dtors.*))
 *(.dtors)
 *(.eh_frame*)
 .eh_frame      0x0000000010008190        0x0 /opt/gcc-arm-none-eabi-10-2020-q4-major/bin/../lib/gcc/arm-none-eabi/10.2.1/thumb/v6-m/nofp/crtbegin.o
                0x0000000010008190                . = ALIGN (0x4)

.glue_7         0x0000000010008190        0x0
 .glue_7        0x0000000010008190        0x0 linker stubs

.glue_7t        0x0000000010008190        0x0
 .glue_7t       0x0000000010008190        0x0 linker stubs

.vfp11_veneer   0x0000000010008190        0x0
 .vfp11_veneer  0x0000000010008190        0x0 linker stubs

.v4_bx          0x0000000010008190        0x0
 .v4_bx         0x0000000010008190        0x0 linker stubs

.iplt           0x0000000010008190        0x0
 .iplt          0x0000000010008190        0x0 /opt/gcc-arm-none-eabi-10-2020-q4-major/bin/../lib/gcc/arm-none-eabi/10.2.1/thumb/v6-m/nofp/crtbegin.o

.rodata         0x0000000010008190      0x5f4
 *(EXCLUDE_FILE(*libm.a: *libc.a:*lib_a-mem*.o *libgcc.a:) .rodata*)
 .rodata.main.str1.4
                0x0000000010008190       0x17 CMakeFiles/tft_pwm.dir/tft_pwm.cpp.obj
 *fill*         0x00000000100081a7        0x1 
 .rodata._ZL10lcd_config
                0x00000000100081a8       0x20 CMakeFiles/tft_pwm.dir/tft_pwm.cpp.obj
 .rodata._Z11st7789_initPK13st7789_configtt.str1.4
                0x00000000100081c8       0x2a CMakeFiles/tft_pwm.dir/driver/st7789.cpp.obj
 *fill*         0x00000000100081f2        0x2 
 .rodata        0x00000000100081f4       0x10 CMakeFiles/tft_pwm.dir/driver/st7789.cpp.obj
 .rodata.spin_lock_claim_unused.str1.4
                0x0000000010008204       0x1b CMakeFiles/tft_pwm.dir/home/hunter_h/pico/pico-sdk/src/rp2_common/hardware_sync/sync.c.obj
 *fill*         0x000000001000821f        0x1 
 .rodata.user_irq_claim_unused.str1.4
                0x0000000010008220       0x1b CMakeFiles/tft_pwm.dir/home/hunter_h/pico/pico-sdk/src/rp2_common/hardware_irq/irq.c.obj
 *fill*         0x000000001000823b        0x1 
 .rodata.hardware_alarm_claim.str1.4
                0x000000001000823c       0x22 CMakeFiles/tft_pwm.dir/home/hunter_h/pico/pico-sdk/src/rp2_common/hardware_timer/timer.c.obj
 *fill*         0x000000001000825e        0x2 
 .rodata.panic.str1.4
                0x0000000010008260       0x10 CMakeFiles/tft_pwm.dir/home/hunter_h/pico/pico-sdk/src/rp2_common/pico_runtime/runtime.c.obj
                                         0x12 (size before relaxing)
 .rodata.hard_assertion_failure.str1.4
                0x0000000010008270        0xc CMakeFiles/tft_pwm.dir/home/hunter_h/pico/pico-sdk/src/rp2_common/pico_runtime/runtime.c.obj
 .rodata._ftoa.str1.4
                0x000000001000827c       0x15 CMakeFiles/tft_pwm.dir/home/hunter_h/pico/pico-sdk/src/rp2_common/pico_printf/printf.c.obj
 *fill*         0x0000000010008291        0x3 
 .rodata._vsnprintf
                0x0000000010008294      0x1e0 CMakeFiles/tft_pwm.dir/home/hunter_h/pico/pico-sdk/src/rp2_common/pico_printf/printf.c.obj
 *fill*         0x0000000010008474        0x4 
 .rodata.pow10.0
                0x0000000010008478       0x50 CMakeFiles/tft_pwm.dir/home/hunter_h/pico/pico-sdk/src/rp2_common/pico_printf/printf.c.obj
 .rodata.str1.4
                0x00000000100084c8       0x40 CMakeFiles/tft_pwm.dir/home/hunter_h/pico/pico-sdk/src/rp2_common/pico_standard_link/binary_info.c.obj
 .rodata.__bi_44
                0x0000000010008508        0xc CMakeFiles/tft_pwm.dir/home/hunter_h/pico/pico-sdk/src/rp2_common/pico_standard_link/binary_info.c.obj
 .rodata.__bi_56
                0x0000000010008514        0xc CMakeFiles/tft_pwm.dir/home/hunter_h/pico/pico-sdk/src/rp2_common/pico_standard_link/binary_info.c.obj
 .rodata.__bi_75
                0x0000000010008520        0xc CMakeFiles/tft_pwm.dir/home/hunter_h/pico/pico-sdk/src/rp2_common/pico_standard_link/binary_info.c.obj
 .rodata.__bi_81
                0x000000001000852c        0xc CMakeFiles/tft_pwm.dir/home/hunter_h/pico/pico-sdk/src/rp2_common/pico_standard_link/binary_info.c.obj
 .rodata.crlf_str.0
                0x0000000010008538        0x2 CMakeFiles/tft_pwm.dir/home/hunter_h/pico/pico-sdk/src/rp2_common/pico_stdio/stdio.c.obj
 *fill*         0x000000001000853a        0x2 
 .rodata.str1.4
                0x000000001000853c       0x2c CMakeFiles/tft_pwm.dir/home/hunter_h/pico/pico-sdk/src/rp2_common/pico_stdio_uart/stdio_uart.c.obj
 .rodata.__bi_33.4
                0x0000000010008568        0xc CMakeFiles/tft_pwm.dir/home/hunter_h/pico/pico-sdk/src/rp2_common/pico_stdio_uart/stdio_uart.c.obj
 .rodata.__bi_34.5
                0x0000000010008574        0x8 CMakeFiles/tft_pwm.dir/home/hunter_h/pico/pico-sdk/src/rp2_common/pico_stdio_uart/stdio_uart.c.obj
 .rodata._resetd_driver
                0x000000001000857c       0x18 CMakeFiles/tft_pwm.dir/home/hunter_h/pico/pico-sdk/src/rp2_common/pico_stdio_usb/reset_interface.c.obj
 .rodata.str1.4
                0x0000000010008594       0x13 CMakeFiles/tft_pwm.dir/home/hunter_h/pico/pico-sdk/src/rp2_common/pico_stdio_usb/stdio_usb.c.obj
 *fill*         0x00000000100085a7        0x1 
 .rodata.__bi_182.0
                0x00000000100085a8        0xc CMakeFiles/tft_pwm.dir/home/hunter_h/pico/pico-sdk/src/rp2_common/pico_stdio_usb/stdio_usb.c.obj
 .rodata.str1.4
                0x00000000100085b4       0x2a CMakeFiles/tft_pwm.dir/home/hunter_h/pico/pico-sdk/src/rp2_common/pico_stdio_usb/stdio_usb_descriptors.c.obj
 *fill*         0x00000000100085de        0x2 
 .rodata.usbd_desc_cfg
                0x00000000100085e0       0x54 CMakeFiles/tft_pwm.dir/home/hunter_h/pico/pico-sdk/src/rp2_common/pico_stdio_usb/stdio_usb_descriptors.c.obj
 .rodata.usbd_desc_device
                0x0000000010008634       0x12 CMakeFiles/tft_pwm.dir/home/hunter_h/pico/pico-sdk/src/rp2_common/pico_stdio_usb/stdio_usb_descriptors.c.obj
 *fill*         0x0000000010008646        0x2 
 .rodata.usbd_desc_str
                0x0000000010008648       0x18 CMakeFiles/tft_pwm.dir/home/hunter_h/pico/pico-sdk/src/rp2_common/pico_stdio_usb/stdio_usb_descriptors.c.obj
 .rodata.str1.4
                0x0000000010008660       0x14 CMakeFiles/tft_pwm.dir/home/hunter_h/pico/pico-sdk/lib/tinyusb/src/portable/raspberrypi/rp2040/dcd_rp2040.c.obj
 .rodata.str1.4
                0x0000000010008674       0x49 CMakeFiles/tft_pwm.dir/home/hunter_h/pico/pico-sdk/lib/tinyusb/src/portable/raspberrypi/rp2040/rp2040_usb.c.obj
                                         0x53 (size before relaxing)
 *fill*         0x00000000100086bd        0x3 
 .rodata.tud_task_ext
                0x00000000100086c0       0x8c CMakeFiles/tft_pwm.dir/home/hunter_h/pico/pico-sdk/lib/tinyusb/src/device/usbd.c.obj
 .rodata._usbd_driver
                0x000000001000874c       0x18 CMakeFiles/tft_pwm.dir/home/hunter_h/pico/pico-sdk/lib/tinyusb/src/device/usbd.c.obj
 .rodata.dma_claim_unused_channel.str1.4
                0x0000000010008764       0x1e CMakeFiles/tft_pwm.dir/home/hunter_h/pico/pico-sdk/src/rp2_common/hardware_dma/dma.c.obj
                0x0000000010008784                . = ALIGN (0x4)
 *fill*         0x0000000010008782        0x2 
 *(SORT_BY_ALIGNMENT(SORT_BY_NAME(.flashdata*)))
                0x0000000010008784                . = ALIGN (0x4)

.ARM.extab
 *(.ARM.extab* .gnu.linkonce.armextab.*)
                0x0000000010008784                __exidx_start = .

.ARM.exidx
 *(.ARM.exidx* .gnu.linkonce.armexidx.*)
                0x0000000010008784                __exidx_end = .
                0x0000000010008784                . = ALIGN (0x4)
                0x0000000010008784                __binary_info_start = .

.binary_info    0x0000000010008784       0x2c
 *(.binary_info.keep.*)
 .binary_info.keep.__bi_ptr22
                0x0000000010008784        0x4 CMakeFiles/tft_pwm.dir/home/hunter_h/pico/pico-sdk/src/rp2_common/pico_standard_link/binary_info.c.obj
 .binary_info.keep.__bi_ptr30
                0x0000000010008788        0x4 CMakeFiles/tft_pwm.dir/home/hunter_h/pico/pico-sdk/src/rp2_common/pico_standard_link/binary_info.c.obj
 .binary_info.keep.__bi_ptr38
                0x000000001000878c        0x4 CMakeFiles/tft_pwm.dir/home/hunter_h/pico/pico-sdk/src/rp2_common/pico_standard_link/binary_info.c.obj
 .binary_info.keep.__bi_ptr44
                0x0000000010008790        0x4 CMakeFiles/tft_pwm.dir/home/hunter_h/pico/pico-sdk/src/rp2_common/pico_standard_link/binary_info.c.obj
 .binary_info.keep.__bi_ptr50
                0x0000000010008794        0x4 CMakeFiles/tft_pwm.dir/home/hunter_h/pico/pico-sdk/src/rp2_common/pico_standard_link/binary_info.c.obj
 .binary_info.keep.__bi_ptr56
                0x0000000010008798        0x4 CMakeFiles/tft_pwm.dir/home/hunter_h/pico/pico-sdk/src/rp2_common/pico_standard_link/binary_info.c.obj
 .binary_info.keep.__bi_ptr75
                0x000000001000879c        0x4 CMakeFiles/tft_pwm.dir/home/hunter_h/pico/pico-sdk/src/rp2_common/pico_standard_link/binary_info.c.obj
 .binary_info.keep.__bi_ptr81
                0x00000000100087a0        0x4 CMakeFiles/tft_pwm.dir/home/hunter_h/pico/pico-sdk/src/rp2_common/pico_standard_link/binary_info.c.obj
 *(.binary_info.*)
 .binary_info.__bi_ptr33
                0x00000000100087a4        0x4 CMakeFiles/tft_pwm.dir/home/hunter_h/pico/pico-sdk/src/rp2_common/pico_stdio_uart/stdio_uart.c.obj
 .binary_info.__bi_ptr34
                0x00000000100087a8        0x4 CMakeFiles/tft_pwm.dir/home/hunter_h/pico/pico-sdk/src/rp2_common/pico_stdio_uart/stdio_uart.c.obj
 .binary_info.__bi_ptr182
                0x00000000100087ac        0x4 CMakeFiles/tft_pwm.dir/home/hunter_h/pico/pico-sdk/src/rp2_common/pico_stdio_usb/stdio_usb.c.obj
                0x00000000100087b0                __binary_info_end = .

.rel.dyn        0x00000000100087b0        0x0
 .rel.iplt      0x00000000100087b0        0x0 /opt/gcc-arm-none-eabi-10-2020-q4-major/bin/../lib/gcc/arm-none-eabi/10.2.1/thumb/v6-m/nofp/crtbegin.o
                0x00000000100087b0                . = ALIGN (0x4)

.ram_vector_table
                0x0000000020000000       0xc0
 *(.ram_vector_table)
 .ram_vector_table
                0x0000000020000000       0xc0 CMakeFiles/tft_pwm.dir/home/hunter_h/pico/pico-sdk/src/rp2_common/pico_runtime/runtime.c.obj
                0x0000000020000000                ram_vector_table

.data           0x00000000200000c0      0xf08 load address 0x00000000100087b0
                0x00000000200000c0                __data_start__ = .
 *(vtable)
 *(.time_critical*)
 .time_critical.mutex_try_enter
                0x00000000200000c0       0x44 CMakeFiles/tft_pwm.dir/home/hunter_h/pico/pico-sdk/src/common/pico_sync/mutex.c.obj
                0x00000000200000c0                mutex_try_enter
 .time_critical.mutex_try_enter_block_until
                0x0000000020000104       0x9c CMakeFiles/tft_pwm.dir/home/hunter_h/pico/pico-sdk/src/common/pico_sync/mutex.c.obj
                0x0000000020000104                mutex_try_enter_block_until
 .time_critical.mutex_enter_timeout_ms
                0x00000000200001a0       0x90 CMakeFiles/tft_pwm.dir/home/hunter_h/pico/pico-sdk/src/common/pico_sync/mutex.c.obj
                0x00000000200001a0                mutex_enter_timeout_ms
 .time_critical.mutex_exit
                0x0000000020000230       0x28 CMakeFiles/tft_pwm.dir/home/hunter_h/pico/pico-sdk/src/common/pico_sync/mutex.c.obj
                0x0000000020000230                mutex_exit
 .time_critical.flash_init_boot2_copyout
                0x0000000020000258       0x30 CMakeFiles/tft_pwm.dir/home/hunter_h/pico/pico-sdk/src/rp2_common/hardware_flash/flash.c.obj
 .time_critical.flash_enable_xip_via_boot2
                0x0000000020000288       0x10 CMakeFiles/tft_pwm.dir/home/hunter_h/pico/pico-sdk/src/rp2_common/hardware_flash/flash.c.obj
 .time_critical.flash_cs_force
                0x0000000020000298       0x38 CMakeFiles/tft_pwm.dir/home/hunter_h/pico/pico-sdk/src/rp2_common/hardware_flash/flash.c.obj
 .time_critical.flash_do_cmd
                0x00000000200002d0       0xc4 CMakeFiles/tft_pwm.dir/home/hunter_h/pico/pico-sdk/src/rp2_common/hardware_flash/flash.c.obj
                0x00000000200002d0                flash_do_cmd
 .time_critical.reset_non_control_endpoints
                0x0000000020000394       0xbc CMakeFiles/tft_pwm.dir/home/hunter_h/pico/pico-sdk/lib/tinyusb/src/portable/raspberrypi/rp2040/dcd_rp2040.c.obj
 .time_critical.hw_handle_buff_status
                0x0000000020000450       0xa8 CMakeFiles/tft_pwm.dir/home/hunter_h/pico/pico-sdk/lib/tinyusb/src/portable/raspberrypi/rp2040/dcd_rp2040.c.obj
 .time_critical.dcd_rp2040_irq
                0x00000000200004f8      0x4d8 CMakeFiles/tft_pwm.dir/home/hunter_h/pico/pico-sdk/lib/tinyusb/src/portable/raspberrypi/rp2040/dcd_rp2040.c.obj
 .time_critical.e15_is_bulkin_ep
                0x00000000200009d0       0x28 CMakeFiles/tft_pwm.dir/home/hunter_h/pico/pico-sdk/lib/tinyusb/src/portable/raspberrypi/rp2040/rp2040_usb.c.obj
 .time_critical.e15_is_critical_frame_period
                0x00000000200009f8       0x34 CMakeFiles/tft_pwm.dir/home/hunter_h/pico/pico-sdk/lib/tinyusb/src/portable/raspberrypi/rp2040/rp2040_usb.c.obj
 .time_critical.prepare_ep_buffer
                0x0000000020000a2c       0x70 CMakeFiles/tft_pwm.dir/home/hunter_h/pico/pico-sdk/lib/tinyusb/src/portable/raspberrypi/rp2040/rp2040_usb.c.obj
 .time_critical.sync_ep_buffer
                0x0000000020000a9c       0x4c CMakeFiles/tft_pwm.dir/home/hunter_h/pico/pico-sdk/lib/tinyusb/src/portable/raspberrypi/rp2040/rp2040_usb.c.obj
 .time_critical._hw_endpoint_xfer_sync
                0x0000000020000ae8       0x28 CMakeFiles/tft_pwm.dir/home/hunter_h/pico/pico-sdk/lib/tinyusb/src/portable/raspberrypi/rp2040/rp2040_usb.c.obj
 .time_critical.hw_endpoint_reset_transfer
                0x0000000020000b10        0xc CMakeFiles/tft_pwm.dir/home/hunter_h/pico/pico-sdk/lib/tinyusb/src/portable/raspberrypi/rp2040/rp2040_usb.c.obj
                0x0000000020000b10                hw_endpoint_reset_transfer
 .time_critical._hw_endpoint_buffer_control_update32
                0x0000000020000b1c       0x58 CMakeFiles/tft_pwm.dir/home/hunter_h/pico/pico-sdk/lib/tinyusb/src/portable/raspberrypi/rp2040/rp2040_usb.c.obj
                0x0000000020000b1c                _hw_endpoint_buffer_control_update32
 .time_critical.hw_endpoint_start_next_buffer
                0x0000000020000b74       0x6c CMakeFiles/tft_pwm.dir/home/hunter_h/pico/pico-sdk/lib/tinyusb/src/portable/raspberrypi/rp2040/rp2040_usb.c.obj
                0x0000000020000b74                hw_endpoint_start_next_buffer
 .time_critical.hw_endpoint_xfer_continue
                0x0000000020000be0       0x50 CMakeFiles/tft_pwm.dir/home/hunter_h/pico/pico-sdk/lib/tinyusb/src/portable/raspberrypi/rp2040/rp2040_usb.c.obj
                0x0000000020000be0                hw_endpoint_xfer_continue
 .time_critical.tinyusb
                0x0000000020000c30      0x170 CMakeFiles/tft_pwm.dir/home/hunter_h/pico/pico-sdk/lib/tinyusb/src/device/usbd.c.obj
                0x0000000020000c30                dcd_event_handler
 .time_critical.spi_write_blocking
                0x0000000020000da0       0x4c CMakeFiles/tft_pwm.dir/home/hunter_h/pico/pico-sdk/src/rp2_common/hardware_spi/spi.c.obj
                0x0000000020000da0                spi_write_blocking
 .time_critical.spi_write16_blocking
                0x0000000020000dec       0x50 CMakeFiles/tft_pwm.dir/home/hunter_h/pico/pico-sdk/src/rp2_common/hardware_spi/spi.c.obj
                0x0000000020000dec                spi_write16_blocking
 *(.text*)
 .text          0x0000000020000e3c        0x4 /opt/gcc-arm-none-eabi-10-2020-q4-major/bin/../lib/gcc/arm-none-eabi/10.2.1/thumb/v6-m/nofp/libgcc.a(_dvmd_tls.o)
                0x0000000020000e3c                __aeabi_ldiv0
                0x0000000020000e3c                __aeabi_idiv0
 .text.__stub   0x0000000020000e40       0x70 linker stubs
                0x0000000020000eb0                . = ALIGN (0x4)
 *(.rodata*)
                0x0000000020000eb0                . = ALIGN (0x4)
 *(.data*)
 .data.striped_spin_lock_num
                0x0000000020000eb0        0x1 CMakeFiles/tft_pwm.dir/home/hunter_h/pico/pico-sdk/src/rp2_common/hardware_sync/sync.c.obj
 *fill*         0x0000000020000eb1        0x3 
 .data          0x0000000020000eb4       0x48 CMakeFiles/tft_pwm.dir/home/hunter_h/pico/pico-sdk/src/rp2_common/hardware_irq/irq_handler_chain.S.obj
                0x0000000020000eb4                irq_handler_chain_slots
                0x0000000020000ee4                irq_handler_chain_first_slot
                0x0000000020000eee                irq_handler_chain_remove_tail
 .data.default_alarm_pool
                0x0000000020000efc       0x18 CMakeFiles/tft_pwm.dir/home/hunter_h/pico/pico-sdk/src/common/pico_time/time.c.obj
 .data.default_alarm_pool_heap
                0x0000000020000f14       0x10 CMakeFiles/tft_pwm.dir/home/hunter_h/pico/pico-sdk/src/common/pico_time/time.c.obj
 *fill*         0x0000000020000f24        0xc 
 .data.aeabi_bits_funcs
                0x0000000020000f30       0x10 CMakeFiles/tft_pwm.dir/home/hunter_h/pico/pico-sdk/src/rp2_common/pico_bit_ops/bit_ops_aeabi.S.obj
                0x0000000020000f30                aeabi_bits_funcs
                0x0000000020000f40                aeabi_bits_funcs_end
 .data.aeabi_mem_funcs
                0x0000000020000f40       0x10 CMakeFiles/tft_pwm.dir/home/hunter_h/pico/pico-sdk/src/rp2_common/pico_mem_ops/mem_ops_aeabi.S.obj
                0x0000000020000f40                aeabi_mem_funcs
                0x0000000020000f50                aeabi_mem_funcs_end
 .data.stdio_uart
                0x0000000020000f50       0x18 CMakeFiles/tft_pwm.dir/home/hunter_h/pico/pico-sdk/src/rp2_common/pico_stdio_uart/stdio_uart.c.obj
                0x0000000020000f50                stdio_uart
 .data.stdio_usb
                0x0000000020000f68       0x18 CMakeFiles/tft_pwm.dir/home/hunter_h/pico/pico-sdk/src/rp2_common/pico_stdio_usb/stdio_usb.c.obj
                0x0000000020000f68                stdio_usb
 .data.ep_dir_string
                0x0000000020000f80        0x8 CMakeFiles/tft_pwm.dir/home/hunter_h/pico/pico-sdk/lib/tinyusb/src/portable/raspberrypi/rp2040/rp2040_usb.c.obj
                0x0000000020000f80                ep_dir_string
 .data._usbd_qdef
                0x0000000020000f88       0x1c CMakeFiles/tft_pwm.dir/home/hunter_h/pico/pico-sdk/lib/tinyusb/src/device/usbd.c.obj
                0x0000000020000f88                _usbd_qdef
 .data._usbd_rhport
                0x0000000020000fa4        0x1 CMakeFiles/tft_pwm.dir/home/hunter_h/pico/pico-sdk/lib/tinyusb/src/device/usbd.c.obj
                0x0000000020000fa8                . = ALIGN (0x4)
 *fill*         0x0000000020000fa5        0x3 
 *(.after_data.*)
                0x0000000020000fa8                . = ALIGN (0x4)
                0x0000000020000fa8                PROVIDE (__mutex_array_start = .)
 *(SORT_BY_NAME(.mutex_array.*))
 *(.mutex_array)
 .mutex_array   0x0000000020000fa8        0x8 CMakeFiles/tft_pwm.dir/home/hunter_h/pico/pico-sdk/src/rp2_common/pico_stdio/stdio.c.obj
                0x0000000020000fb0                PROVIDE (__mutex_array_end = .)
                0x0000000020000fb0                . = ALIGN (0x4)
                0x0000000020000fb0                PROVIDE (__preinit_array_start = .)
 *(SORT_BY_NAME(.preinit_array.*))
 .preinit_array.00001
                0x0000000020000fb0        0x4 CMakeFiles/tft_pwm.dir/home/hunter_h/pico/pico-sdk/src/rp2_common/pico_mem_ops/mem_ops_aeabi.S.obj
 .preinit_array.00010
                0x0000000020000fb4        0x4 CMakeFiles/tft_pwm.dir/home/hunter_h/pico/pico-sdk/src/rp2_common/pico_bit_ops/bit_ops_aeabi.S.obj
 .preinit_array.00020
                0x0000000020000fb8        0x4 CMakeFiles/tft_pwm.dir/home/hunter_h/pico/pico-sdk/src/rp2_common/pico_double/double_aeabi.S.obj
 .preinit_array.00020
                0x0000000020000fbc        0x4 CMakeFiles/tft_pwm.dir/home/hunter_h/pico/pico-sdk/src/rp2_common/pico_float/float_aeabi.S.obj
 *(.preinit_array)
                0x0000000020000fc0                PROVIDE (__preinit_array_end = .)
                0x0000000020000fc0                . = ALIGN (0x4)
                0x0000000020000fc0                PROVIDE (__init_array_start = .)
 *(SORT_BY_NAME(.init_array.*))
 *(.init_array)
 .init_array    0x0000000020000fc0        0x4 /opt/gcc-arm-none-eabi-10-2020-q4-major/bin/../lib/gcc/arm-none-eabi/10.2.1/thumb/v6-m/nofp/crtbegin.o
 .init_array    0x0000000020000fc4        0x4 CMakeFiles/tft_pwm.dir/home/hunter_h/pico/pico-sdk/src/rp2_common/pico_unique_id/unique_id.c.obj
                0x0000000020000fc8                PROVIDE (__init_array_end = .)
                0x0000000020000fc8                . = ALIGN (0x4)
                [!provide]                        PROVIDE (__fini_array_start = .)
 *(SORT_BY_NAME(.fini_array.*))
 *(.fini_array)
                [!provide]                        PROVIDE (__fini_array_end = .)
 *(.jcr)
                0x0000000020000fc8                . = ALIGN (0x4)
                0x0000000020000fc8                __data_end__ = .
                0x00000000100087b0                __etext = LOADADDR (.data)

.igot.plt       0x0000000020000fc8        0x0 load address 0x00000000100096b8
 .igot.plt      0x0000000020000fc8        0x0 /opt/gcc-arm-none-eabi-10-2020-q4-major/bin/../lib/gcc/arm-none-eabi/10.2.1/thumb/v6-m/nofp/crtbegin.o

.uninitialized_data
                0x0000000020000fc8       0x20 load address 0x00000000100096b8
                0x0000000020000fc8                . = ALIGN (0x4)
 *(.uninitialized_data*)
 .uninitialized_data.ram_hash
                0x0000000020000fc8        0x8 CMakeFiles/tft_pwm.dir/home/hunter_h/pico/pico-sdk/src/rp2_common/pico_rand/rand.c.obj
 .uninitialized_data.rng_state
                0x0000000020000fd0       0x10 CMakeFiles/tft_pwm.dir/home/hunter_h/pico/pico-sdk/src/rp2_common/pico_rand/rand.c.obj
 .uninitialized_data.rosc_samples
                0x0000000020000fe0        0x8 CMakeFiles/tft_pwm.dir/home/hunter_h/pico/pico-sdk/src/rp2_common/pico_rand/rand.c.obj

.scratch_x      0x0000000020040000        0x0 load address 0x00000000100096b8
                0x0000000020040000                __scratch_x_start__ = .
 *(.scratch_x.*)
                0x0000000020040000                . = ALIGN (0x4)
                0x0000000020040000                __scratch_x_end__ = .
                0x00000000100096b8                __scratch_x_source__ = LOADADDR (.scratch_x)

.scratch_y      0x0000000020041000        0x0 load address 0x00000000100096b8
                0x0000000020041000                __scratch_y_start__ = .
 *(.scratch_y.*)
                0x0000000020041000                . = ALIGN (0x4)
                0x0000000020041000                __scratch_y_end__ = .
                0x00000000100096b8                __scratch_y_source__ = LOADADDR (.scratch_y)

.bss            0x0000000020000fe8      0xdd0
                0x0000000020000fe8                . = ALIGN (0x4)
                0x0000000020000fe8                __bss_start__ = .
 *(SORT_BY_ALIGNMENT(SORT_BY_NAME(.bss*)))
 .bss.default_alarm_pool_entries
                0x0000000020000fe8      0x100 CMakeFiles/tft_pwm.dir/home/hunter_h/pico/pico-sdk/src/common/pico_time/time.c.obj
 .bss.last_avail_time.1
                0x00000000200010e8        0x8 CMakeFiles/tft_pwm.dir/home/hunter_h/pico/pico-sdk/src/rp2_common/pico_stdio_usb/stdio_usb.c.obj
 .bss.next_sample_time.0
                0x00000000200010f0        0x8 CMakeFiles/tft_pwm.dir/home/hunter_h/pico/pico-sdk/src/rp2_common/pico_rand/rand.c.obj
 .bss.sd_table  0x00000000200010f8      0x100 CMakeFiles/tft_pwm.dir/home/hunter_h/pico/pico-sdk/src/rp2_common/pico_double/double_init_rom.c.obj
                0x00000000200010f8                sd_table
 .bss.sf_table  0x00000000200011f8      0x100 CMakeFiles/tft_pwm.dir/home/hunter_h/pico/pico-sdk/src/rp2_common/pico_float/float_init_rom.c.obj
                0x00000000200011f8                sf_table
 .bss           0x00000000200012f8       0x1c /opt/gcc-arm-none-eabi-10-2020-q4-major/bin/../lib/gcc/arm-none-eabi/10.2.1/thumb/v6-m/nofp/crtbegin.o
 .bss._ZL10st7789_cfg
                0x0000000020001314       0x20 CMakeFiles/tft_pwm.dir/driver/st7789.cpp.obj
 .bss._ZL20dma_channel_clear_tx
                0x0000000020001334        0x4 CMakeFiles/tft_pwm.dir/driver/st7789.cpp.obj
 .bss._app_driver
                0x0000000020001338        0x4 CMakeFiles/tft_pwm.dir/home/hunter_h/pico/pico-sdk/lib/tinyusb/src/device/usbd.c.obj
 .bss._cdcd_itf
                0x000000002000133c      0x2c8 CMakeFiles/tft_pwm.dir/home/hunter_h/pico/pico-sdk/lib/tinyusb/src/class/cdc/cdc_device.c.obj
 .bss._ctrl_xfer
                0x0000000020001604       0x14 CMakeFiles/tft_pwm.dir/home/hunter_h/pico/pico-sdk/lib/tinyusb/src/device/usbd_control.c.obj
 .bss._ubsd_mutexdef
                0x0000000020001618        0x8 CMakeFiles/tft_pwm.dir/home/hunter_h/pico/pico-sdk/lib/tinyusb/src/device/usbd.c.obj
 .bss._usbd_ctrl_buf
                0x0000000020001620       0x40 CMakeFiles/tft_pwm.dir/home/hunter_h/pico/pico-sdk/lib/tinyusb/src/device/usbd_control.c.obj
 .bss._usbd_dev
                0x0000000020001660       0x53 CMakeFiles/tft_pwm.dir/home/hunter_h/pico/pico-sdk/lib/tinyusb/src/device/usbd.c.obj
 *fill*         0x00000000200016b3        0x1 
 .bss._usbd_mutex
                0x00000000200016b4        0x4 CMakeFiles/tft_pwm.dir/home/hunter_h/pico/pico-sdk/lib/tinyusb/src/device/usbd.c.obj
 .bss._usbd_q   0x00000000200016b8        0x4 CMakeFiles/tft_pwm.dir/home/hunter_h/pico/pico-sdk/lib/tinyusb/src/device/usbd.c.obj
 .bss._usbd_qdef_buf
                0x00000000200016bc       0xc0 CMakeFiles/tft_pwm.dir/home/hunter_h/pico/pico-sdk/lib/tinyusb/src/device/usbd.c.obj
                0x00000000200016bc                _usbd_qdef_buf
 .bss.alarm_callbacks
                0x000000002000177c       0x10 CMakeFiles/tft_pwm.dir/home/hunter_h/pico/pico-sdk/src/rp2_common/hardware_timer/timer.c.obj
 .bss.boot2_copyout
                0x000000002000178c      0x100 CMakeFiles/tft_pwm.dir/home/hunter_h/pico/pico-sdk/src/rp2_common/hardware_flash/flash.c.obj
 .bss.chars_available_callback
                0x000000002000188c        0x4 CMakeFiles/tft_pwm.dir/home/hunter_h/pico/pico-sdk/src/rp2_common/pico_stdio_uart/stdio_uart.c.obj
 .bss.chars_available_callback
                0x0000000020001890        0x4 CMakeFiles/tft_pwm.dir/home/hunter_h/pico/pico-sdk/src/rp2_common/pico_stdio_usb/stdio_usb.c.obj
 .bss.chars_available_param
                0x0000000020001894        0x4 CMakeFiles/tft_pwm.dir/home/hunter_h/pico/pico-sdk/src/rp2_common/pico_stdio_uart/stdio_uart.c.obj
 .bss.chars_available_param
                0x0000000020001898        0x4 CMakeFiles/tft_pwm.dir/home/hunter_h/pico/pico-sdk/src/rp2_common/pico_stdio_usb/stdio_usb.c.obj
 .bss.claimed   0x000000002000189c        0x4 CMakeFiles/tft_pwm.dir/home/hunter_h/pico/pico-sdk/src/rp2_common/hardware_sync/sync.c.obj
 .bss.configured_freq
                0x00000000200018a0       0x28 CMakeFiles/tft_pwm.dir/home/hunter_h/pico/pico-sdk/src/rp2_common/hardware_clocks/clocks.c.obj
 .bss.default_alarm_pool_entry_ids_high
                0x00000000200018c8       0x10 CMakeFiles/tft_pwm.dir/home/hunter_h/pico/pico-sdk/src/common/pico_time/time.c.obj
 .bss.default_alarm_pool_heap_nodes
                0x00000000200018d8       0x30 CMakeFiles/tft_pwm.dir/home/hunter_h/pico/pico-sdk/src/common/pico_time/time.c.obj
 .bss.desc_str.0
                0x0000000020001908       0x28 CMakeFiles/tft_pwm.dir/home/hunter_h/pico/pico-sdk/src/rp2_common/pico_stdio_usb/stdio_usb_descriptors.c.obj
 .bss.drivers   0x0000000020001930        0x4 CMakeFiles/tft_pwm.dir/home/hunter_h/pico/pico-sdk/src/rp2_common/pico_stdio/stdio.c.obj
 .bss.e15_last_sof
                0x0000000020001934        0x4 CMakeFiles/tft_pwm.dir/home/hunter_h/pico/pico-sdk/lib/tinyusb/src/portable/raspberrypi/rp2040/rp2040_usb.c.obj
                0x0000000020001934                e15_last_sof
 .bss.filter    0x0000000020001938        0x4 CMakeFiles/tft_pwm.dir/home/hunter_h/pico/pico-sdk/src/rp2_common/pico_stdio/stdio.c.obj
 .bss.hw_endpoints
                0x000000002000193c      0x400 CMakeFiles/tft_pwm.dir/home/hunter_h/pico/pico-sdk/lib/tinyusb/src/portable/raspberrypi/rp2040/dcd_rp2040.c.obj
 .bss.lazy_vsnprintf
                0x0000000020001d3c        0x4 CMakeFiles/tft_pwm.dir/home/hunter_h/pico/pico-sdk/src/rp2_common/pico_printf/printf.c.obj
 .bss.load_value
                0x0000000020001d40        0x4 CMakeFiles/tft_pwm.dir/home/hunter_h/pico/pico-sdk/src/rp2_common/hardware_watchdog/watchdog.c.obj
 .bss.next_buffer_ptr
                0x0000000020001d44        0x4 CMakeFiles/tft_pwm.dir/home/hunter_h/pico/pico-sdk/lib/tinyusb/src/portable/raspberrypi/rp2040/dcd_rp2040.c.obj
 .bss.one_shot_timer_crit_sec
                0x0000000020001d48        0x8 CMakeFiles/tft_pwm.dir/home/hunter_h/pico/pico-sdk/src/rp2_common/pico_stdio_usb/stdio_usb.c.obj
 .bss.pools     0x0000000020001d50       0x10 CMakeFiles/tft_pwm.dir/home/hunter_h/pico/pico-sdk/src/common/pico_time/time.c.obj
 .bss.retrieved_id
                0x0000000020001d60        0x8 CMakeFiles/tft_pwm.dir/home/hunter_h/pico/pico-sdk/src/rp2_common/pico_unique_id/unique_id.c.obj
 .bss.sf_clz_func
                0x0000000020001d68        0x4 CMakeFiles/tft_pwm.dir/home/hunter_h/pico/pico-sdk/src/rp2_common/pico_double/double_init_rom.c.obj
                0x0000000020001d68                sf_clz_func
 .bss.sleep_notifier
                0x0000000020001d6c        0x4 CMakeFiles/tft_pwm.dir/home/hunter_h/pico/pico-sdk/src/common/pico_time/time.c.obj
 .bss.stdio_usb_mutex
                0x0000000020001d70        0x8 CMakeFiles/tft_pwm.dir/home/hunter_h/pico/pico-sdk/src/rp2_common/pico_stdio_usb/stdio_usb.c.obj
 .bss.target_hi
                0x0000000020001d78       0x10 CMakeFiles/tft_pwm.dir/home/hunter_h/pico/pico-sdk/src/rp2_common/hardware_timer/timer.c.obj
 .bss.uart_char_to_line_feed
                0x0000000020001d88        0x4 CMakeFiles/tft_pwm.dir/home/hunter_h/pico/pico-sdk/src/rp2_common/hardware_uart/uart.c.obj
                0x0000000020001d88                uart_char_to_line_feed
 .bss.uart_instance
                0x0000000020001d8c        0x4 CMakeFiles/tft_pwm.dir/home/hunter_h/pico/pico-sdk/src/rp2_common/pico_stdio_uart/stdio_uart.c.obj
 .bss.usbd_serial_str
                0x0000000020001d90       0x11 CMakeFiles/tft_pwm.dir/home/hunter_h/pico/pico-sdk/src/rp2_common/pico_stdio_usb/stdio_usb_descriptors.c.obj
 *fill*         0x0000000020001da1        0x1 
 .bss._ZL12st7789_width
                0x0000000020001da2        0x2 CMakeFiles/tft_pwm.dir/driver/st7789.cpp.obj
 .bss._ZL13st7789_height
                0x0000000020001da4        0x2 CMakeFiles/tft_pwm.dir/driver/st7789.cpp.obj
 .bss._claimed  0x0000000020001da6        0x2 CMakeFiles/tft_pwm.dir/home/hunter_h/pico/pico-sdk/src/rp2_common/hardware_dma/dma.c.obj
 .bss._ZL16clear_in_process
                0x0000000020001da8        0x1 CMakeFiles/tft_pwm.dir/driver/st7789.cpp.obj
 .bss._ZL16st7789_data_mode
                0x0000000020001da9        0x1 CMakeFiles/tft_pwm.dir/driver/st7789.cpp.obj
 .bss._app_driver_count
                0x0000000020001daa        0x1 CMakeFiles/tft_pwm.dir/home/hunter_h/pico/pico-sdk/lib/tinyusb/src/device/usbd.c.obj
 .bss._sof_enable
                0x0000000020001dab        0x1 CMakeFiles/tft_pwm.dir/home/hunter_h/pico/pico-sdk/lib/tinyusb/src/portable/raspberrypi/rp2040/dcd_rp2040.c.obj
 .bss.boot2_copyout_valid
                0x0000000020001dac        0x1 CMakeFiles/tft_pwm.dir/home/hunter_h/pico/pico-sdk/src/rp2_common/hardware_flash/flash.c.obj
 .bss.bus_counter_idx
                0x0000000020001dad        0x1 CMakeFiles/tft_pwm.dir/home/hunter_h/pico/pico-sdk/src/rp2_common/pico_rand/rand.c.obj
 .bss.check_byte.1
                0x0000000020001dae        0x1 CMakeFiles/tft_pwm.dir/home/hunter_h/pico/pico-sdk/src/rp2_common/pico_rand/rand.c.obj
 .bss.claimed   0x0000000020001daf        0x1 CMakeFiles/tft_pwm.dir/home/hunter_h/pico/pico-sdk/src/rp2_common/hardware_timer/timer.c.obj
 .bss.irq_hander_chain_free_slot_head
                0x0000000020001db0        0x1 CMakeFiles/tft_pwm.dir/home/hunter_h/pico/pico-sdk/src/rp2_common/hardware_irq/irq.c.obj
 .bss.itf_num   0x0000000020001db1        0x1 CMakeFiles/tft_pwm.dir/home/hunter_h/pico/pico-sdk/src/rp2_common/pico_stdio_usb/reset_interface.c.obj
 .bss.low_priority_irq_num
                0x0000000020001db2        0x1 CMakeFiles/tft_pwm.dir/home/hunter_h/pico/pico-sdk/src/rp2_common/pico_stdio_usb/stdio_usb.c.obj
 .bss.one_shot_timer_pending
                0x0000000020001db3        0x1 CMakeFiles/tft_pwm.dir/home/hunter_h/pico/pico-sdk/src/rp2_common/pico_stdio_usb/stdio_usb.c.obj
 .bss.rng_initialised
                0x0000000020001db4        0x1 CMakeFiles/tft_pwm.dir/home/hunter_h/pico/pico-sdk/src/rp2_common/pico_rand/rand.c.obj
 .bss.timer_callbacks_pending
                0x0000000020001db5        0x1 CMakeFiles/tft_pwm.dir/home/hunter_h/pico/pico-sdk/src/rp2_common/hardware_timer/timer.c.obj
 .bss.user_irq_claimed
                0x0000000020001db6        0x1 CMakeFiles/tft_pwm.dir/home/hunter_h/pico/pico-sdk/src/rp2_common/hardware_irq/irq.c.obj
 *(COMMON)
                0x0000000020001db8                . = ALIGN (0x4)
 *fill*         0x0000000020001db7        0x1 
                0x0000000020001db8                __bss_end__ = .

.heap           0x0000000020001db8      0x800
                0x0000000020001db8                __end__ = .
                0x0000000020001db8                end = __end__
 *(.heap*)
 .heap          0x0000000020001db8      0x800 CMakeFiles/tft_pwm.dir/home/hunter_h/pico/pico-sdk/src/rp2_common/pico_standard_link/crt0.S.obj
                0x00000000200025b8                __HeapLimit = .

.stack1_dummy   0x0000000020040000        0x0
 *(.stack1*)

.stack_dummy    0x0000000020041000      0x800
 *(.stack*)
 .stack         0x0000000020041000      0x800 CMakeFiles/tft_pwm.dir/home/hunter_h/pico/pico-sdk/src/rp2_common/pico_standard_link/crt0.S.obj

.flash_end      0x00000000100096b8        0x0
                0x00000000100096b8                PROVIDE (__flash_binary_end = .)
                0x0000000020040000                __StackLimit = (ORIGIN (RAM) + LENGTH (RAM))
                0x0000000020041000                __StackOneTop = (ORIGIN (SCRATCH_X) + LENGTH (SCRATCH_X))
                0x0000000020042000                __StackTop = (ORIGIN (SCRATCH_Y) + LENGTH (SCRATCH_Y))
                0x0000000020041000                __StackOneBottom = (__StackOneTop - SIZEOF (.stack1_dummy))
                0x0000000020041800                __StackBottom = (__StackTop - SIZEOF (.stack_dummy))
                0x0000000020042000                PROVIDE (__stack = __StackTop)
                0x0000000000000001                ASSERT ((__StackLimit >= __HeapLimit), region RAM overflowed)
                0x0000000000000001                ASSERT (((__binary_info_header_end - __logical_binary_start) <= 0x100), Binary info must be in first 256 bytes of the binary)
LOAD CMakeFiles/tft_pwm.dir/tft_pwm.cpp.obj
LOAD CMakeFiles/tft_pwm.dir/driver/st7789.cpp.obj
LOAD CMakeFiles/tft_pwm.dir/home/hunter_h/pico/pico-sdk/src/rp2_common/pico_stdlib/stdlib.c.obj
LOAD CMakeFiles/tft_pwm.dir/home/hunter_h/pico/pico-sdk/src/rp2_common/hardware_gpio/gpio.c.obj
LOAD CMakeFiles/tft_pwm.dir/home/hunter_h/pico/pico-sdk/src/rp2_common/pico_platform/platform.c.obj
LOAD CMakeFiles/tft_pwm.dir/home/hunter_h/pico/pico-sdk/src/rp2_common/hardware_claim/claim.c.obj
LOAD CMakeFiles/tft_pwm.dir/home/hunter_h/pico/pico-sdk/src/rp2_common/hardware_sync/sync.c.obj
LOAD CMakeFiles/tft_pwm.dir/home/hunter_h/pico/pico-sdk/src/rp2_common/hardware_irq/irq.c.obj
LOAD CMakeFiles/tft_pwm.dir/home/hunter_h/pico/pico-sdk/src/rp2_common/hardware_irq/irq_handler_chain.S.obj
LOAD CMakeFiles/tft_pwm.dir/home/hunter_h/pico/pico-sdk/src/common/pico_sync/sem.c.obj
LOAD CMakeFiles/tft_pwm.dir/home/hunter_h/pico/pico-sdk/src/common/pico_sync/lock_core.c.obj
LOAD CMakeFiles/tft_pwm.dir/home/hunter_h/pico/pico-sdk/src/common/pico_sync/mutex.c.obj
LOAD CMakeFiles/tft_pwm.dir/home/hunter_h/pico/pico-sdk/src/common/pico_sync/critical_section.c.obj
LOAD CMakeFiles/tft_pwm.dir/home/hunter_h/pico/pico-sdk/src/common/pico_time/time.c.obj
LOAD CMakeFiles/tft_pwm.dir/home/hunter_h/pico/pico-sdk/src/common/pico_time/timeout_helper.c.obj
LOAD CMakeFiles/tft_pwm.dir/home/hunter_h/pico/pico-sdk/src/rp2_common/hardware_timer/timer.c.obj
LOAD CMakeFiles/tft_pwm.dir/home/hunter_h/pico/pico-sdk/src/common/pico_util/datetime.c.obj
LOAD CMakeFiles/tft_pwm.dir/home/hunter_h/pico/pico-sdk/src/common/pico_util/pheap.c.obj
LOAD CMakeFiles/tft_pwm.dir/home/hunter_h/pico/pico-sdk/src/common/pico_util/queue.c.obj
LOAD CMakeFiles/tft_pwm.dir/home/hunter_h/pico/pico-sdk/src/rp2_common/hardware_uart/uart.c.obj
LOAD CMakeFiles/tft_pwm.dir/home/hunter_h/pico/pico-sdk/src/rp2_common/hardware_clocks/clocks.c.obj
LOAD CMakeFiles/tft_pwm.dir/home/hunter_h/pico/pico-sdk/src/rp2_common/hardware_pll/pll.c.obj
LOAD CMakeFiles/tft_pwm.dir/home/hunter_h/pico/pico-sdk/src/rp2_common/hardware_vreg/vreg.c.obj
LOAD CMakeFiles/tft_pwm.dir/home/hunter_h/pico/pico-sdk/src/rp2_common/hardware_watchdog/watchdog.c.obj
LOAD CMakeFiles/tft_pwm.dir/home/hunter_h/pico/pico-sdk/src/rp2_common/hardware_xosc/xosc.c.obj
LOAD CMakeFiles/tft_pwm.dir/home/hunter_h/pico/pico-sdk/src/rp2_common/hardware_divider/divider.S.obj
LOAD CMakeFiles/tft_pwm.dir/home/hunter_h/pico/pico-sdk/src/rp2_common/pico_runtime/runtime.c.obj
LOAD CMakeFiles/tft_pwm.dir/home/hunter_h/pico/pico-sdk/src/rp2_common/pico_printf/printf.c.obj
LOAD CMakeFiles/tft_pwm.dir/home/hunter_h/pico/pico-sdk/src/rp2_common/pico_bit_ops/bit_ops_aeabi.S.obj
LOAD CMakeFiles/tft_pwm.dir/home/hunter_h/pico/pico-sdk/src/rp2_common/pico_bootrom/bootrom.c.obj
LOAD CMakeFiles/tft_pwm.dir/home/hunter_h/pico/pico-sdk/src/rp2_common/pico_divider/divider.S.obj
LOAD CMakeFiles/tft_pwm.dir/home/hunter_h/pico/pico-sdk/src/rp2_common/pico_double/double_aeabi.S.obj
LOAD CMakeFiles/tft_pwm.dir/home/hunter_h/pico/pico-sdk/src/rp2_common/pico_double/double_init_rom.c.obj
LOAD CMakeFiles/tft_pwm.dir/home/hunter_h/pico/pico-sdk/src/rp2_common/pico_double/double_math.c.obj
LOAD CMakeFiles/tft_pwm.dir/home/hunter_h/pico/pico-sdk/src/rp2_common/pico_double/double_v1_rom_shim.S.obj
LOAD CMakeFiles/tft_pwm.dir/home/hunter_h/pico/pico-sdk/src/rp2_common/pico_int64_ops/pico_int64_ops_aeabi.S.obj
LOAD CMakeFiles/tft_pwm.dir/home/hunter_h/pico/pico-sdk/src/rp2_common/pico_float/float_aeabi.S.obj
LOAD CMakeFiles/tft_pwm.dir/home/hunter_h/pico/pico-sdk/src/rp2_common/pico_float/float_init_rom.c.obj
LOAD CMakeFiles/tft_pwm.dir/home/hunter_h/pico/pico-sdk/src/rp2_common/pico_float/float_math.c.obj
LOAD CMakeFiles/tft_pwm.dir/home/hunter_h/pico/pico-sdk/src/rp2_common/pico_float/float_v1_rom_shim.S.obj
LOAD CMakeFiles/tft_pwm.dir/home/hunter_h/pico/pico-sdk/src/rp2_common/pico_malloc/pico_malloc.c.obj